<?xml version="1.0" encoding="ISO-8859-1" ?>
<link_info>
   <banner>TMS320C2000 Linker PC v20.2.1.LTS</banner>
   <copyright>Copyright (c) 1996-2018 Texas Instruments Incorporated</copyright>
   <link_time>0x619f3e54</link_time>
   <link_errors>0x0</link_errors>
   <output_file>sci_ex3_interrupts_fifo.out</output_file>
   <entry_point>
      <name>code_start</name>
      <address>0x80000</address>
   </entry_point>
   <input_file_list>
      <input_file id="fl-2">
         <path>.\</path>
         <kind>object</kind>
         <file>sci_ex3_interrupts_fifo.obj</file>
         <name>sci_ex3_interrupts_fifo.obj</name>
      </input_file>
      <input_file id="fl-3">
         <path>.\</path>
         <kind>object</kind>
         <file>sci_utils.obj</file>
         <name>sci_utils.obj</name>
      </input_file>
      <input_file id="fl-4">
         <path>.\device\</path>
         <kind>object</kind>
         <file>device.obj</file>
         <name>device.obj</name>
      </input_file>
      <input_file id="fl-5">
         <path>.\device\</path>
         <kind>object</kind>
         <file>f28004x_codestartbranch.obj</file>
         <name>f28004x_codestartbranch.obj</name>
      </input_file>
      <input_file id="fl-a">
         <kind>object</kind>
         <file>&lt;internal&gt;</file>
         <name>&lt;internal&gt;</name>
      </input_file>
      <input_file id="fl-e">
         <path>D:\ti\c2000\C2000Ware_3_04_00_00\driverlib\f28004x\driverlib\ccs\Debug\</path>
         <kind>archive</kind>
         <file>driverlib_coff.lib</file>
         <name>flash.obj</name>
      </input_file>
      <input_file id="fl-f">
         <path>D:\ti\c2000\C2000Ware_3_04_00_00\driverlib\f28004x\driverlib\ccs\Debug\</path>
         <kind>archive</kind>
         <file>driverlib_coff.lib</file>
         <name>gpio.obj</name>
      </input_file>
      <input_file id="fl-10">
         <path>D:\ti\c2000\C2000Ware_3_04_00_00\driverlib\f28004x\driverlib\ccs\Debug\</path>
         <kind>archive</kind>
         <file>driverlib_coff.lib</file>
         <name>interrupt.obj</name>
      </input_file>
      <input_file id="fl-11">
         <path>D:\ti\c2000\C2000Ware_3_04_00_00\driverlib\f28004x\driverlib\ccs\Debug\</path>
         <kind>archive</kind>
         <file>driverlib_coff.lib</file>
         <name>sci.obj</name>
      </input_file>
      <input_file id="fl-12">
         <path>D:\ti\c2000\C2000Ware_3_04_00_00\driverlib\f28004x\driverlib\ccs\Debug\</path>
         <kind>archive</kind>
         <file>driverlib_coff.lib</file>
         <name>sysctl.obj</name>
      </input_file>
      <input_file id="fl-1e">
         <path>D:\ccs\ccs1010\ccs\tools\compiler\ti-cgt-c2000_20.2.1.LTS\lib\</path>
         <kind>archive</kind>
         <file>rts2800_fpu32.lib</file>
         <name>boot28.asm.obj</name>
      </input_file>
      <input_file id="fl-1f">
         <path>D:\ccs\ccs1010\ccs\tools\compiler\ti-cgt-c2000_20.2.1.LTS\lib\</path>
         <kind>archive</kind>
         <file>rts2800_fpu32.lib</file>
         <name>fs_div28.asm.obj</name>
      </input_file>
      <input_file id="fl-20">
         <path>D:\ccs\ccs1010\ccs\tools\compiler\ti-cgt-c2000_20.2.1.LTS\lib\</path>
         <kind>archive</kind>
         <file>rts2800_fpu32.lib</file>
         <name>cpy_tbl.c.obj</name>
      </input_file>
      <input_file id="fl-21">
         <path>D:\ccs\ccs1010\ccs\tools\compiler\ti-cgt-c2000_20.2.1.LTS\lib\</path>
         <kind>archive</kind>
         <file>rts2800_fpu32.lib</file>
         <name>memcpy.c.obj</name>
      </input_file>
      <input_file id="fl-22">
         <path>D:\ccs\ccs1010\ccs\tools\compiler\ti-cgt-c2000_20.2.1.LTS\lib\</path>
         <kind>archive</kind>
         <file>rts2800_fpu32.lib</file>
         <name>pre_init.c.obj</name>
      </input_file>
      <input_file id="fl-23">
         <path>D:\ccs\ccs1010\ccs\tools\compiler\ti-cgt-c2000_20.2.1.LTS\lib\</path>
         <kind>archive</kind>
         <file>rts2800_fpu32.lib</file>
         <name>startup.c.obj</name>
      </input_file>
      <input_file id="fl-24">
         <path>D:\ccs\ccs1010\ccs\tools\compiler\ti-cgt-c2000_20.2.1.LTS\lib\</path>
         <kind>archive</kind>
         <file>rts2800_fpu32.lib</file>
         <name>exit.c.obj</name>
      </input_file>
      <input_file id="fl-25">
         <path>D:\ccs\ccs1010\ccs\tools\compiler\ti-cgt-c2000_20.2.1.LTS\lib\</path>
         <kind>archive</kind>
         <file>rts2800_fpu32.lib</file>
         <name>_lock.c.obj</name>
      </input_file>
      <input_file id="fl-26">
         <path>D:\ccs\ccs1010\ccs\tools\compiler\ti-cgt-c2000_20.2.1.LTS\lib\</path>
         <kind>archive</kind>
         <file>rts2800_fpu32.lib</file>
         <name>args_main.c.obj</name>
      </input_file>
   </input_file_list>
   <object_component_list>
      <object_component id="oc-11">
         <name>codestart</name>
         <load_address>0x80000</load_address>
         <run_address>0x80000</run_address>
         <size>0x2</size>
         <input_file_ref idref="fl-5"/>
      </object_component>
      <object_component id="oc-8e">
         <name>.text</name>
         <load_address>0x82000</load_address>
         <run_address>0x82000</run_address>
         <size>0x1b4</size>
         <input_file_ref idref="fl-4"/>
      </object_component>
      <object_component id="oc-82">
         <name>.text</name>
         <load_address>0x821b4</load_address>
         <run_address>0x821b4</run_address>
         <size>0x1b0</size>
         <input_file_ref idref="fl-2"/>
      </object_component>
      <object_component id="oc-a0">
         <name>.text:_SysCtl_setClock</name>
         <load_address>0x82364</load_address>
         <run_address>0x82364</run_address>
         <size>0xb6</size>
         <input_file_ref idref="fl-12"/>
      </object_component>
      <object_component id="oc-ba">
         <name>.text:_SysCtl_isPLLValid</name>
         <load_address>0x8241a</load_address>
         <run_address>0x8241a</run_address>
         <size>0xb2</size>
         <input_file_ref idref="fl-12"/>
      </object_component>
      <object_component id="oc-84">
         <name>.text</name>
         <load_address>0x824cc</load_address>
         <run_address>0x824cc</run_address>
         <size>0x93</size>
         <input_file_ref idref="fl-3"/>
      </object_component>
      <object_component id="oc-15">
         <name>.text:retain</name>
         <load_address>0x8255f</load_address>
         <run_address>0x8255f</run_address>
         <size>0x8f</size>
         <input_file_ref idref="fl-2"/>
      </object_component>
      <object_component id="oc-56">
         <name>.text</name>
         <load_address>0x825ee</load_address>
         <run_address>0x825ee</run_address>
         <size>0x88</size>
         <input_file_ref idref="fl-1f"/>
      </object_component>
      <object_component id="oc-c6">
         <name>.text:_DCC_setCounterSeeds</name>
         <load_address>0x82676</load_address>
         <run_address>0x82676</run_address>
         <size>0x7a</size>
         <input_file_ref idref="fl-12"/>
      </object_component>
      <object_component id="oc-b9">
         <name>.text:_SysCtl_selectOscSource</name>
         <load_address>0x826f0</load_address>
         <run_address>0x826f0</run_address>
         <size>0x5b</size>
         <input_file_ref idref="fl-12"/>
      </object_component>
      <object_component id="oc-4f">
         <name>.text</name>
         <load_address>0x8274b</load_address>
         <run_address>0x8274b</run_address>
         <size>0x56</size>
         <input_file_ref idref="fl-1e"/>
      </object_component>
      <object_component id="oc-95">
         <name>.text:_GPIO_setPadConfig</name>
         <load_address>0x827a1</load_address>
         <run_address>0x827a1</run_address>
         <size>0x52</size>
         <input_file_ref idref="fl-f"/>
      </object_component>
      <object_component id="oc-a1">
         <name>.text:_SysCtl_getClock</name>
         <load_address>0x827f3</load_address>
         <run_address>0x827f3</run_address>
         <size>0x51</size>
         <input_file_ref idref="fl-12"/>
      </object_component>
      <object_component id="oc-85">
         <name>.text:_SCI_clearInterruptStatus</name>
         <load_address>0x82844</load_address>
         <run_address>0x82844</run_address>
         <size>0x46</size>
         <input_file_ref idref="fl-11"/>
      </object_component>
      <object_component id="oc-80">
         <name>.text:_SCI_disableInterrupt</name>
         <load_address>0x8288a</load_address>
         <run_address>0x8288a</run_address>
         <size>0x46</size>
         <input_file_ref idref="fl-11"/>
      </object_component>
      <object_component id="oc-83">
         <name>.text:_SCI_enableInterrupt</name>
         <load_address>0x828d0</load_address>
         <run_address>0x828d0</run_address>
         <size>0x44</size>
         <input_file_ref idref="fl-11"/>
      </object_component>
      <object_component id="oc-81">
         <name>.text:_SCI_writeCharArray</name>
         <load_address>0x82914</load_address>
         <run_address>0x82914</run_address>
         <size>0x41</size>
         <input_file_ref idref="fl-11"/>
      </object_component>
      <object_component id="oc-99">
         <name>.text:_SCI_setConfig</name>
         <load_address>0x82955</load_address>
         <run_address>0x82955</run_address>
         <size>0x3e</size>
         <input_file_ref idref="fl-11"/>
      </object_component>
      <object_component id="oc-97">
         <name>.text:_Interrupt_initModule</name>
         <load_address>0x82993</load_address>
         <run_address>0x82993</run_address>
         <size>0x3d</size>
         <input_file_ref idref="fl-10"/>
      </object_component>
      <object_component id="oc-a3">
         <name>.text:_GPIO_setAnalogMode</name>
         <load_address>0x829d0</load_address>
         <run_address>0x829d0</run_address>
         <size>0x3b</size>
         <input_file_ref idref="fl-f"/>
      </object_component>
      <object_component id="oc-92">
         <name>.text:_GPIO_setMasterCore</name>
         <load_address>0x82a0b</load_address>
         <run_address>0x82a0b</run_address>
         <size>0x38</size>
         <input_file_ref idref="fl-f"/>
      </object_component>
      <object_component id="oc-96">
         <name>.text:_GPIO_setQualificationMode</name>
         <load_address>0x82a43</load_address>
         <run_address>0x82a43</run_address>
         <size>0x38</size>
         <input_file_ref idref="fl-f"/>
      </object_component>
      <object_component id="oc-93">
         <name>.text:_GPIO_setPinConfig</name>
         <load_address>0x82a7b</load_address>
         <run_address>0x82a7b</run_address>
         <size>0x37</size>
         <input_file_ref idref="fl-f"/>
      </object_component>
      <object_component id="oc-9a">
         <name>.text:_Interrupt_enable</name>
         <load_address>0x82ab2</load_address>
         <run_address>0x82ab2</run_address>
         <size>0x34</size>
         <input_file_ref idref="fl-10"/>
      </object_component>
      <object_component id="oc-94">
         <name>.text:_GPIO_setDirectionMode</name>
         <load_address>0x82ae6</load_address>
         <run_address>0x82ae6</run_address>
         <size>0x31</size>
         <input_file_ref idref="fl-f"/>
      </object_component>
      <object_component id="oc-8c">
         <name>.text</name>
         <load_address>0x82b17</load_address>
         <run_address>0x82b17</run_address>
         <size>0x29</size>
         <input_file_ref idref="fl-24"/>
      </object_component>
      <object_component id="oc-cb">
         <name>.text:_SysCtl_pollX1Counter</name>
         <load_address>0x82b40</load_address>
         <run_address>0x82b40</run_address>
         <size>0x26</size>
         <input_file_ref idref="fl-12"/>
      </object_component>
      <object_component id="oc-c7">
         <name>.text:_DCC_enableSingleShotMode</name>
         <load_address>0x82b66</load_address>
         <run_address>0x82b66</run_address>
         <size>0x25</size>
         <input_file_ref idref="fl-12"/>
      </object_component>
      <object_component id="oc-bc">
         <name>.text:_SysCtl_selectXTAL</name>
         <load_address>0x82b8b</load_address>
         <run_address>0x82b8b</run_address>
         <size>0x24</size>
         <input_file_ref idref="fl-12"/>
      </object_component>
      <object_component id="oc-89">
         <name>.text</name>
         <load_address>0x82baf</load_address>
         <run_address>0x82baf</run_address>
         <size>0x24</size>
         <input_file_ref idref="fl-20"/>
      </object_component>
      <object_component id="oc-8f">
         <name>.text:_SCI_isFIFOEnabled</name>
         <load_address>0x82bd3</load_address>
         <run_address>0x82bd3</run_address>
         <size>0x22</size>
         <input_file_ref idref="fl-11"/>
      </object_component>
      <object_component id="oc-98">
         <name>.text:_Interrupt_initVectorTable</name>
         <load_address>0x82bf5</load_address>
         <run_address>0x82bf5</run_address>
         <size>0x20</size>
         <input_file_ref idref="fl-10"/>
      </object_component>
      <object_component id="oc-c5">
         <name>.text:_DCC_setCounter1ClkSource</name>
         <load_address>0x82c15</load_address>
         <run_address>0x82c15</run_address>
         <size>0x1f</size>
         <input_file_ref idref="fl-12"/>
      </object_component>
      <object_component id="oc-c4">
         <name>.text:_DCC_setCounter0ClkSource</name>
         <load_address>0x82c34</load_address>
         <run_address>0x82c34</run_address>
         <size>0x1d</size>
         <input_file_ref idref="fl-12"/>
      </object_component>
      <object_component id="oc-9c">
         <name>.text</name>
         <load_address>0x82c51</load_address>
         <run_address>0x82c51</run_address>
         <size>0x1d</size>
         <input_file_ref idref="fl-21"/>
      </object_component>
      <object_component id="oc-91">
         <name>.text:_SCI_isSpaceAvailableNonFIFO</name>
         <load_address>0x82c6e</load_address>
         <run_address>0x82c6e</run_address>
         <size>0x1b</size>
         <input_file_ref idref="fl-11"/>
      </object_component>
      <object_component id="oc-a2">
         <name>.text:_SysCtl_getLowSpeedClock</name>
         <load_address>0x82c89</load_address>
         <run_address>0x82c89</run_address>
         <size>0x1a</size>
         <input_file_ref idref="fl-12"/>
      </object_component>
      <object_component id="oc-bd">
         <name>.text:_SysCtl_selectXTALSingleEnded</name>
         <load_address>0x82ca3</load_address>
         <run_address>0x82ca3</run_address>
         <size>0x1a</size>
         <input_file_ref idref="fl-12"/>
      </object_component>
      <object_component id="oc-a9">
         <name>.text:_SCI_disableModule</name>
         <load_address>0x82cbd</load_address>
         <run_address>0x82cbd</run_address>
         <size>0x19</size>
         <input_file_ref idref="fl-11"/>
      </object_component>
      <object_component id="oc-9b">
         <name>.text:_SCI_performSoftwareReset</name>
         <load_address>0x82cd6</load_address>
         <run_address>0x82cd6</run_address>
         <size>0x19</size>
         <input_file_ref idref="fl-11"/>
      </object_component>
      <object_component id="oc-c3">
         <name>.text:_DCC_disableDoneSignal</name>
         <load_address>0x82cef</load_address>
         <run_address>0x82cef</run_address>
         <size>0x17</size>
         <input_file_ref idref="fl-12"/>
      </object_component>
      <object_component id="oc-c9">
         <name>.text:_DCC_enableDoneSignal</name>
         <load_address>0x82d06</load_address>
         <run_address>0x82d06</run_address>
         <size>0x17</size>
         <input_file_ref idref="fl-12"/>
      </object_component>
      <object_component id="oc-be">
         <name>.text:_SysCtl_enablePeripheral</name>
         <load_address>0x82d1d</load_address>
         <run_address>0x82d1d</run_address>
         <size>0x17</size>
         <input_file_ref idref="fl-12"/>
      </object_component>
      <object_component id="oc-c0">
         <name>.text:_DCC_clearDoneFlag</name>
         <load_address>0x82d34</load_address>
         <run_address>0x82d34</run_address>
         <size>0x16</size>
         <input_file_ref idref="fl-12"/>
      </object_component>
      <object_component id="oc-bf">
         <name>.text:_DCC_clearErrorFlag</name>
         <load_address>0x82d4a</load_address>
         <run_address>0x82d4a</run_address>
         <size>0x16</size>
         <input_file_ref idref="fl-12"/>
      </object_component>
      <object_component id="oc-c2">
         <name>.text:_DCC_disableErrorSignal</name>
         <load_address>0x82d60</load_address>
         <run_address>0x82d60</run_address>
         <size>0x16</size>
         <input_file_ref idref="fl-12"/>
      </object_component>
      <object_component id="oc-c8">
         <name>.text:_DCC_enableErrorSignal</name>
         <load_address>0x82d76</load_address>
         <run_address>0x82d76</run_address>
         <size>0x16</size>
         <input_file_ref idref="fl-12"/>
      </object_component>
      <object_component id="oc-90">
         <name>.text:_SCI_getTxFIFOStatus</name>
         <load_address>0x82d8c</load_address>
         <run_address>0x82d8c</run_address>
         <size>0x15</size>
         <input_file_ref idref="fl-11"/>
      </object_component>
      <object_component id="oc-8d">
         <name>.text:_SCI_isBaseValid</name>
         <load_address>0x82da1</load_address>
         <run_address>0x82da1</run_address>
         <size>0x15</size>
         <input_file_ref idref="fl-11"/>
      </object_component>
      <object_component id="oc-c1">
         <name>.text:_DCC_disableModule</name>
         <load_address>0x82db6</load_address>
         <run_address>0x82db6</run_address>
         <size>0x14</size>
         <input_file_ref idref="fl-12"/>
      </object_component>
      <object_component id="oc-ca">
         <name>.text:_DCC_enableModule</name>
         <load_address>0x82dca</load_address>
         <run_address>0x82dca</run_address>
         <size>0x14</size>
         <input_file_ref idref="fl-12"/>
      </object_component>
      <object_component id="oc-a4">
         <name>.text:_GPIO_isPinValid</name>
         <load_address>0x82dde</load_address>
         <run_address>0x82dde</run_address>
         <size>0x14</size>
         <input_file_ref idref="fl-f"/>
      </object_component>
      <object_component id="oc-aa">
         <name>.text:_SCI_enableModule</name>
         <load_address>0x82df2</load_address>
         <run_address>0x82df2</run_address>
         <size>0x14</size>
         <input_file_ref idref="fl-11"/>
      </object_component>
      <object_component id="oc-8b">
         <name>.text</name>
         <load_address>0x82e06</load_address>
         <run_address>0x82e06</run_address>
         <size>0x12</size>
         <input_file_ref idref="fl-26"/>
      </object_component>
      <object_component id="oc-cd">
         <name>.text:_DCC_isBaseValid</name>
         <load_address>0x82e18</load_address>
         <run_address>0x82e18</run_address>
         <size>0x10</size>
         <input_file_ref idref="fl-12"/>
      </object_component>
      <object_component id="oc-ae">
         <name>.text:_Flash_isCtrlBaseValid</name>
         <load_address>0x82e28</load_address>
         <run_address>0x82e28</run_address>
         <size>0x10</size>
         <input_file_ref idref="fl-e"/>
      </object_component>
      <object_component id="oc-af">
         <name>.text:_Flash_isECCBaseValid</name>
         <load_address>0x82e38</load_address>
         <run_address>0x82e38</run_address>
         <size>0x10</size>
         <input_file_ref idref="fl-e"/>
      </object_component>
      <object_component id="oc-a6">
         <name>.text:_Interrupt_defaultHandler</name>
         <load_address>0x82e48</load_address>
         <run_address>0x82e48</run_address>
         <size>0xe</size>
         <input_file_ref idref="fl-10"/>
      </object_component>
      <object_component id="oc-a5">
         <name>.text:_Interrupt_disableMaster</name>
         <load_address>0x82e56</load_address>
         <run_address>0x82e56</run_address>
         <size>0xd</size>
         <input_file_ref idref="fl-10"/>
      </object_component>
      <object_component id="oc-ab">
         <name>.text:_Interrupt_enableMaster</name>
         <load_address>0x82e63</load_address>
         <run_address>0x82e63</run_address>
         <size>0xd</size>
         <input_file_ref idref="fl-10"/>
      </object_component>
      <object_component id="oc-b8">
         <name>.text:_SysCtl_isMCDClockFailureDetected</name>
         <load_address>0x82e70</load_address>
         <run_address>0x82e70</run_address>
         <size>0xb</size>
         <input_file_ref idref="fl-12"/>
      </object_component>
      <object_component id="oc-ac">
         <name>.text</name>
         <load_address>0x82e7b</load_address>
         <run_address>0x82e7b</run_address>
         <size>0x9</size>
         <input_file_ref idref="fl-25"/>
      </object_component>
      <object_component id="oc-2b">
         <name>.text</name>
         <load_address>0x82e84</load_address>
         <run_address>0x82e84</run_address>
         <size>0x8</size>
         <input_file_ref idref="fl-5"/>
      </object_component>
      <object_component id="oc-cc">
         <name>.text:_SysCtl_resetMCD</name>
         <load_address>0x82e8c</load_address>
         <run_address>0x82e8c</run_address>
         <size>0x7</size>
         <input_file_ref idref="fl-12"/>
      </object_component>
      <object_component id="oc-a8">
         <name>.text:_Interrupt_illegalOperationHandler</name>
         <load_address>0x82e93</load_address>
         <run_address>0x82e93</run_address>
         <size>0x2</size>
         <input_file_ref idref="fl-10"/>
      </object_component>
      <object_component id="oc-a7">
         <name>.text:_Interrupt_nmiHandler</name>
         <load_address>0x82e95</load_address>
         <run_address>0x82e95</run_address>
         <size>0x2</size>
         <input_file_ref idref="fl-10"/>
      </object_component>
      <object_component id="oc-88">
         <name>.text</name>
         <load_address>0x82e97</load_address>
         <run_address>0x82e97</run_address>
         <size>0x2</size>
         <input_file_ref idref="fl-22"/>
      </object_component>
      <object_component id="oc-8a">
         <name>.text</name>
         <load_address>0x82e99</load_address>
         <run_address>0x82e99</run_address>
         <size>0x1</size>
         <input_file_ref idref="fl-23"/>
      </object_component>
      <object_component id="oc-1c">
         <name>.cinit</name>
         <load_address>0x81138</load_address>
         <run_address>0x81138</run_address>
         <size>0x1e</size>
         <input_file_ref idref="fl-3"/>
      </object_component>
      <object_component id="oc-70">
         <name>.cinit</name>
         <load_address>0x81156</load_address>
         <run_address>0x81156</run_address>
         <size>0xe</size>
         <input_file_ref idref="fl-24"/>
      </object_component>
      <object_component id="oc-24">
         <name>.cinit</name>
         <load_address>0x81164</load_address>
         <run_address>0x81164</run_address>
         <size>0xa</size>
         <input_file_ref idref="fl-4"/>
      </object_component>
      <object_component id="oc-9e">
         <name>.cinit:__lock</name>
         <load_address>0x8116e</load_address>
         <run_address>0x8116e</run_address>
         <size>0x5</size>
         <input_file_ref idref="fl-25"/>
      </object_component>
      <object_component id="oc-ad">
         <name>.cinit:__unlock</name>
         <load_address>0x81173</load_address>
         <run_address>0x81173</run_address>
         <size>0x5</size>
         <input_file_ref idref="fl-25"/>
      </object_component>
      <object_component id="oc-13">
         <name>.cinit</name>
         <load_address>0x81178</load_address>
         <run_address>0x81178</run_address>
         <size>0x4</size>
         <input_file_ref idref="fl-2"/>
      </object_component>
      <object_component id="oc-51">
         <name>.reset</name>
         <load_address>0x3fffc0</load_address>
         <run_address>0x3fffc0</run_address>
         <size>0x2</size>
         <input_file_ref idref="fl-1e"/>
      </object_component>
      <object_component id="oc-50">
         <name>.stack</name>
         <uninitialized>true</uninitialized>
         <run_address>0x400</run_address>
         <size>0x0</size>
         <input_file_ref idref="fl-1e"/>
      </object_component>
      <object_component id="oc-e8">
         <name>.stack</name>
         <uninitialized>true</uninitialized>
         <run_address>0x400</run_address>
         <size>0x0</size>
      </object_component>
      <object_component id="oc-14">
         <name>.ebss</name>
         <uninitialized>true</uninitialized>
         <run_address>0xa820</run_address>
         <size>0x4</size>
         <input_file_ref idref="fl-2"/>
      </object_component>
      <object_component id="oc-1d">
         <name>.ebss</name>
         <uninitialized>true</uninitialized>
         <run_address>0xa800</run_address>
         <size>0xa</size>
         <input_file_ref idref="fl-3"/>
      </object_component>
      <object_component id="oc-86">
         <name>.ebss:_scia_send_buffer</name>
         <uninitialized>true</uninitialized>
         <run_address>0xa810</run_address>
         <size>0x6</size>
         <input_file_ref idref="fl-3"/>
      </object_component>
      <object_component id="oc-87">
         <name>.ebss:_scia_rcv_buffer</name>
         <uninitialized>true</uninitialized>
         <run_address>0xa80a</run_address>
         <size>0x6</size>
         <input_file_ref idref="fl-3"/>
      </object_component>
      <object_component id="oc-25">
         <name>.ebss</name>
         <uninitialized>true</uninitialized>
         <run_address>0xa81c</run_address>
         <size>0x4</size>
         <input_file_ref idref="fl-4"/>
      </object_component>
      <object_component id="oc-71">
         <name>.ebss</name>
         <uninitialized>true</uninitialized>
         <run_address>0xa816</run_address>
         <size>0x6</size>
         <input_file_ref idref="fl-24"/>
      </object_component>
      <object_component id="oc-9d">
         <name>.ebss:__lock</name>
         <uninitialized>true</uninitialized>
         <run_address>0xa824</run_address>
         <size>0x2</size>
         <input_file_ref idref="fl-25"/>
      </object_component>
      <object_component id="oc-bb">
         <name>.ebss:__unlock</name>
         <uninitialized>true</uninitialized>
         <run_address>0xa826</run_address>
         <size>0x2</size>
         <input_file_ref idref="fl-25"/>
      </object_component>
      <object_component id="oc-31">
         <name>.econst:.string</name>
         <load_address>0x84000</load_address>
         <run_address>0x84000</run_address>
         <size>0xf0</size>
         <input_file_ref idref="fl-e"/>
      </object_component>
      <object_component id="oc-37">
         <name>.econst:.string</name>
         <load_address>0x840f0</load_address>
         <run_address>0x840f0</run_address>
         <size>0xef</size>
         <input_file_ref idref="fl-f"/>
      </object_component>
      <object_component id="oc-4a">
         <name>.econst:.string</name>
         <load_address>0x841e0</load_address>
         <run_address>0x841e0</run_address>
         <size>0xef</size>
         <input_file_ref idref="fl-12"/>
      </object_component>
      <object_component id="oc-43">
         <name>.econst:.string</name>
         <load_address>0x842d0</load_address>
         <run_address>0x842d0</run_address>
         <size>0xec</size>
         <input_file_ref idref="fl-11"/>
      </object_component>
      <object_component id="oc-16">
         <name>.econst:.string</name>
         <load_address>0x843bc</load_address>
         <run_address>0x843bc</run_address>
         <size>0xb0</size>
         <input_file_ref idref="fl-2"/>
      </object_component>
      <object_component id="oc-3d">
         <name>.econst:.string</name>
         <load_address>0x8446c</load_address>
         <run_address>0x8446c</run_address>
         <size>0x7c</size>
         <input_file_ref idref="fl-10"/>
      </object_component>
      <object_component id="oc-1e">
         <name>.econst:.string</name>
         <load_address>0x844e8</load_address>
         <run_address>0x844e8</run_address>
         <size>0x43</size>
         <input_file_ref idref="fl-3"/>
      </object_component>
      <object_component id="oc-26">
         <name>.econst:.string</name>
         <load_address>0x8452c</load_address>
         <run_address>0x8452c</run_address>
         <size>0x13</size>
         <input_file_ref idref="fl-4"/>
      </object_component>
      <object_component id="oc-9f">
         <name>.TI.ramfunc:_Flash_initModule</name>
         <load_address>0x81000</load_address>
         <run_address>0x8000</run_address>
         <size>0x44</size>
         <input_file_ref idref="fl-e"/>
      </object_component>
      <object_component id="oc-b0">
         <name>.TI.ramfunc:_Flash_setBankPowerMode</name>
         <load_address>0x81044</load_address>
         <run_address>0x8044</run_address>
         <size>0x2d</size>
         <input_file_ref idref="fl-e"/>
      </object_component>
      <object_component id="oc-b4">
         <name>.TI.ramfunc:_Flash_setWaitstates</name>
         <load_address>0x81071</load_address>
         <run_address>0x8071</run_address>
         <size>0x26</size>
         <input_file_ref idref="fl-e"/>
      </object_component>
      <object_component id="oc-b1">
         <name>.TI.ramfunc:_Flash_setPumpPowerMode</name>
         <load_address>0x81097</load_address>
         <run_address>0x8097</run_address>
         <size>0x1e</size>
         <input_file_ref idref="fl-e"/>
      </object_component>
      <object_component id="oc-b2">
         <name>.TI.ramfunc:_Flash_disableCache</name>
         <load_address>0x810b5</load_address>
         <run_address>0x80b5</run_address>
         <size>0x1a</size>
         <input_file_ref idref="fl-e"/>
      </object_component>
      <object_component id="oc-b3">
         <name>.TI.ramfunc:_Flash_disablePrefetch</name>
         <load_address>0x810cf</load_address>
         <run_address>0x80cf</run_address>
         <size>0x1a</size>
         <input_file_ref idref="fl-e"/>
      </object_component>
      <object_component id="oc-b5">
         <name>.TI.ramfunc:_Flash_enableCache</name>
         <load_address>0x810e9</load_address>
         <run_address>0x80e9</run_address>
         <size>0x19</size>
         <input_file_ref idref="fl-e"/>
      </object_component>
      <object_component id="oc-b6">
         <name>.TI.ramfunc:_Flash_enablePrefetch</name>
         <load_address>0x81102</load_address>
         <run_address>0x8102</run_address>
         <size>0x19</size>
         <input_file_ref idref="fl-e"/>
      </object_component>
      <object_component id="oc-b7">
         <name>.TI.ramfunc:_Flash_enableECC</name>
         <load_address>0x8111b</load_address>
         <run_address>0x811b</run_address>
         <size>0x17</size>
         <input_file_ref idref="fl-e"/>
      </object_component>
      <object_component id="oc-49">
         <name>.TI.ramfunc</name>
         <load_address>0x81132</load_address>
         <run_address>0x8132</run_address>
         <size>0x4</size>
         <input_file_ref idref="fl-12"/>
      </object_component>
      <object_component id="oc-12">
         <name>.debug_info</name>
         <load_address>0x0</load_address>
         <run_address>0x0</run_address>
         <size>0x1cee</size>
         <input_file_ref idref="fl-2"/>
      </object_component>
      <object_component id="oc-1b">
         <name>.debug_info</name>
         <load_address>0x1cee</load_address>
         <run_address>0x1cee</run_address>
         <size>0xafc</size>
         <input_file_ref idref="fl-3"/>
      </object_component>
      <object_component id="oc-23">
         <name>.debug_info</name>
         <load_address>0x27ea</load_address>
         <run_address>0x27ea</run_address>
         <size>0x1ec4</size>
         <input_file_ref idref="fl-4"/>
      </object_component>
      <object_component id="oc-2d">
         <name>.debug_info</name>
         <load_address>0x46ae</load_address>
         <run_address>0x46ae</run_address>
         <size>0x13a</size>
         <input_file_ref idref="fl-5"/>
      </object_component>
      <object_component id="oc-30">
         <name>.debug_info</name>
         <load_address>0x47e8</load_address>
         <run_address>0x47e8</run_address>
         <size>0x18cc</size>
         <input_file_ref idref="fl-e"/>
      </object_component>
      <object_component id="oc-36">
         <name>.debug_info</name>
         <load_address>0x60b4</load_address>
         <run_address>0x60b4</run_address>
         <size>0x13d3</size>
         <input_file_ref idref="fl-f"/>
      </object_component>
      <object_component id="oc-3c">
         <name>.debug_info</name>
         <load_address>0x7487</load_address>
         <run_address>0x7487</run_address>
         <size>0xfcc</size>
         <input_file_ref idref="fl-10"/>
      </object_component>
      <object_component id="oc-42">
         <name>.debug_info</name>
         <load_address>0x8453</load_address>
         <run_address>0x8453</run_address>
         <size>0x1a57</size>
         <input_file_ref idref="fl-11"/>
      </object_component>
      <object_component id="oc-48">
         <name>.debug_info</name>
         <load_address>0x9eaa</load_address>
         <run_address>0x9eaa</run_address>
         <size>0x363d</size>
         <input_file_ref idref="fl-12"/>
      </object_component>
      <object_component id="oc-52">
         <name>.debug_info</name>
         <load_address>0xd4e7</load_address>
         <run_address>0xd4e7</run_address>
         <size>0x173</size>
         <input_file_ref idref="fl-1e"/>
      </object_component>
      <object_component id="oc-57">
         <name>.debug_info</name>
         <load_address>0xd65a</load_address>
         <run_address>0xd65a</run_address>
         <size>0x114</size>
         <input_file_ref idref="fl-1f"/>
      </object_component>
      <object_component id="oc-5b">
         <name>.debug_info</name>
         <load_address>0xd76e</load_address>
         <run_address>0xd76e</run_address>
         <size>0x561</size>
         <input_file_ref idref="fl-20"/>
      </object_component>
      <object_component id="oc-60">
         <name>.debug_info</name>
         <load_address>0xdccf</load_address>
         <run_address>0xdccf</run_address>
         <size>0x43a</size>
         <input_file_ref idref="fl-21"/>
      </object_component>
      <object_component id="oc-65">
         <name>.debug_info</name>
         <load_address>0xe109</load_address>
         <run_address>0xe109</run_address>
         <size>0x3ad</size>
         <input_file_ref idref="fl-22"/>
      </object_component>
      <object_component id="oc-6a">
         <name>.debug_info</name>
         <load_address>0xe4b6</load_address>
         <run_address>0xe4b6</run_address>
         <size>0x3aa</size>
         <input_file_ref idref="fl-23"/>
      </object_component>
      <object_component id="oc-6f">
         <name>.debug_info</name>
         <load_address>0xe860</load_address>
         <run_address>0xe860</run_address>
         <size>0x544</size>
         <input_file_ref idref="fl-24"/>
      </object_component>
      <object_component id="oc-76">
         <name>.debug_info</name>
         <load_address>0xeda4</load_address>
         <run_address>0xeda4</run_address>
         <size>0x4cc</size>
         <input_file_ref idref="fl-25"/>
      </object_component>
      <object_component id="oc-7b">
         <name>.debug_info</name>
         <load_address>0xf270</load_address>
         <run_address>0xf270</run_address>
         <size>0x467</size>
         <input_file_ref idref="fl-26"/>
      </object_component>
      <object_component id="oc-ea">
         <name>.debug_info</name>
         <load_address>0xf6d7</load_address>
         <run_address>0xf6d7</run_address>
         <size>0xa9</size>
      </object_component>
      <object_component id="oc-17">
         <name>.debug_frame</name>
         <load_address>0x0</load_address>
         <run_address>0x0</run_address>
         <size>0x290</size>
         <input_file_ref idref="fl-2"/>
      </object_component>
      <object_component id="oc-1f">
         <name>.debug_frame</name>
         <load_address>0x290</load_address>
         <run_address>0x290</run_address>
         <size>0x98</size>
         <input_file_ref idref="fl-3"/>
      </object_component>
      <object_component id="oc-27">
         <name>.debug_frame</name>
         <load_address>0x328</load_address>
         <run_address>0x328</run_address>
         <size>0x114</size>
         <input_file_ref idref="fl-4"/>
      </object_component>
      <object_component id="oc-32">
         <name>.debug_frame</name>
         <load_address>0x43c</load_address>
         <run_address>0x43c</run_address>
         <size>0x15c</size>
         <input_file_ref idref="fl-e"/>
      </object_component>
      <object_component id="oc-38">
         <name>.debug_frame</name>
         <load_address>0x598</load_address>
         <run_address>0x598</run_address>
         <size>0xec</size>
         <input_file_ref idref="fl-f"/>
      </object_component>
      <object_component id="oc-3e">
         <name>.debug_frame</name>
         <load_address>0x684</load_address>
         <run_address>0x684</run_address>
         <size>0xf0</size>
         <input_file_ref idref="fl-10"/>
      </object_component>
      <object_component id="oc-44">
         <name>.debug_frame</name>
         <load_address>0x774</load_address>
         <run_address>0x774</run_address>
         <size>0x178</size>
         <input_file_ref idref="fl-11"/>
      </object_component>
      <object_component id="oc-4b">
         <name>.debug_frame</name>
         <load_address>0x8ec</load_address>
         <run_address>0x8ec</run_address>
         <size>0x2b8</size>
         <input_file_ref idref="fl-12"/>
      </object_component>
      <object_component id="oc-5c">
         <name>.debug_frame</name>
         <load_address>0xba4</load_address>
         <run_address>0xba4</run_address>
         <size>0x60</size>
         <input_file_ref idref="fl-20"/>
      </object_component>
      <object_component id="oc-61">
         <name>.debug_frame</name>
         <load_address>0xc04</load_address>
         <run_address>0xc04</run_address>
         <size>0x40</size>
         <input_file_ref idref="fl-21"/>
      </object_component>
      <object_component id="oc-66">
         <name>.debug_frame</name>
         <load_address>0xc44</load_address>
         <run_address>0xc44</run_address>
         <size>0x40</size>
         <input_file_ref idref="fl-22"/>
      </object_component>
      <object_component id="oc-6b">
         <name>.debug_frame</name>
         <load_address>0xc84</load_address>
         <run_address>0xc84</run_address>
         <size>0x40</size>
         <input_file_ref idref="fl-23"/>
      </object_component>
      <object_component id="oc-72">
         <name>.debug_frame</name>
         <load_address>0xcc4</load_address>
         <run_address>0xcc4</run_address>
         <size>0x60</size>
         <input_file_ref idref="fl-24"/>
      </object_component>
      <object_component id="oc-77">
         <name>.debug_frame</name>
         <load_address>0xd24</load_address>
         <run_address>0xd24</run_address>
         <size>0x70</size>
         <input_file_ref idref="fl-25"/>
      </object_component>
      <object_component id="oc-7c">
         <name>.debug_frame</name>
         <load_address>0xd94</load_address>
         <run_address>0xd94</run_address>
         <size>0x40</size>
         <input_file_ref idref="fl-26"/>
      </object_component>
      <object_component id="oc-18">
         <name>.debug_line</name>
         <load_address>0x0</load_address>
         <run_address>0x0</run_address>
         <size>0x299</size>
         <input_file_ref idref="fl-2"/>
      </object_component>
      <object_component id="oc-20">
         <name>.debug_line</name>
         <load_address>0x299</load_address>
         <run_address>0x299</run_address>
         <size>0xff</size>
         <input_file_ref idref="fl-3"/>
      </object_component>
      <object_component id="oc-28">
         <name>.debug_line</name>
         <load_address>0x398</load_address>
         <run_address>0x398</run_address>
         <size>0x25c</size>
         <input_file_ref idref="fl-4"/>
      </object_component>
      <object_component id="oc-2c">
         <name>.debug_line</name>
         <load_address>0x5f4</load_address>
         <run_address>0x5f4</run_address>
         <size>0x6a</size>
         <input_file_ref idref="fl-5"/>
      </object_component>
      <object_component id="oc-33">
         <name>.debug_line</name>
         <load_address>0x65e</load_address>
         <run_address>0x65e</run_address>
         <size>0x24c</size>
         <input_file_ref idref="fl-e"/>
      </object_component>
      <object_component id="oc-39">
         <name>.debug_line</name>
         <load_address>0x8aa</load_address>
         <run_address>0x8aa</run_address>
         <size>0x2c5</size>
         <input_file_ref idref="fl-f"/>
      </object_component>
      <object_component id="oc-3f">
         <name>.debug_line</name>
         <load_address>0xb6f</load_address>
         <run_address>0xb6f</run_address>
         <size>0x238</size>
         <input_file_ref idref="fl-10"/>
      </object_component>
      <object_component id="oc-45">
         <name>.debug_line</name>
         <load_address>0xda7</load_address>
         <run_address>0xda7</run_address>
         <size>0x2d5</size>
         <input_file_ref idref="fl-11"/>
      </object_component>
      <object_component id="oc-4c">
         <name>.debug_line</name>
         <load_address>0x107c</load_address>
         <run_address>0x107c</run_address>
         <size>0x627</size>
         <input_file_ref idref="fl-12"/>
      </object_component>
      <object_component id="oc-53">
         <name>.debug_line</name>
         <load_address>0x16a3</load_address>
         <run_address>0x16a3</run_address>
         <size>0x7e</size>
         <input_file_ref idref="fl-1e"/>
      </object_component>
      <object_component id="oc-58">
         <name>.debug_line</name>
         <load_address>0x1721</load_address>
         <run_address>0x1721</run_address>
         <size>0xad</size>
         <input_file_ref idref="fl-1f"/>
      </object_component>
      <object_component id="oc-5d">
         <name>.debug_line</name>
         <load_address>0x17ce</load_address>
         <run_address>0x17ce</run_address>
         <size>0x50</size>
         <input_file_ref idref="fl-20"/>
      </object_component>
      <object_component id="oc-62">
         <name>.debug_line</name>
         <load_address>0x181e</load_address>
         <run_address>0x181e</run_address>
         <size>0x62</size>
         <input_file_ref idref="fl-21"/>
      </object_component>
      <object_component id="oc-67">
         <name>.debug_line</name>
         <load_address>0x1880</load_address>
         <run_address>0x1880</run_address>
         <size>0x3e</size>
         <input_file_ref idref="fl-22"/>
      </object_component>
      <object_component id="oc-6c">
         <name>.debug_line</name>
         <load_address>0x18be</load_address>
         <run_address>0x18be</run_address>
         <size>0x3a</size>
         <input_file_ref idref="fl-23"/>
      </object_component>
      <object_component id="oc-73">
         <name>.debug_line</name>
         <load_address>0x18f8</load_address>
         <run_address>0x18f8</run_address>
         <size>0x65</size>
         <input_file_ref idref="fl-24"/>
      </object_component>
      <object_component id="oc-78">
         <name>.debug_line</name>
         <load_address>0x195d</load_address>
         <run_address>0x195d</run_address>
         <size>0x5e</size>
         <input_file_ref idref="fl-25"/>
      </object_component>
      <object_component id="oc-7d">
         <name>.debug_line</name>
         <load_address>0x19bb</load_address>
         <run_address>0x19bb</run_address>
         <size>0x4f</size>
         <input_file_ref idref="fl-26"/>
      </object_component>
      <object_component id="oc-19">
         <name>.debug_abbrev</name>
         <load_address>0x0</load_address>
         <run_address>0x0</run_address>
         <size>0x1c6</size>
         <input_file_ref idref="fl-2"/>
      </object_component>
      <object_component id="oc-21">
         <name>.debug_abbrev</name>
         <load_address>0x1c6</load_address>
         <run_address>0x1c6</run_address>
         <size>0x161</size>
         <input_file_ref idref="fl-3"/>
      </object_component>
      <object_component id="oc-29">
         <name>.debug_abbrev</name>
         <load_address>0x327</load_address>
         <run_address>0x327</run_address>
         <size>0x161</size>
         <input_file_ref idref="fl-4"/>
      </object_component>
      <object_component id="oc-2e">
         <name>.debug_abbrev</name>
         <load_address>0x488</load_address>
         <run_address>0x488</run_address>
         <size>0x21</size>
         <input_file_ref idref="fl-5"/>
      </object_component>
      <object_component id="oc-34">
         <name>.debug_abbrev</name>
         <load_address>0x4a9</load_address>
         <run_address>0x4a9</run_address>
         <size>0x13b</size>
         <input_file_ref idref="fl-e"/>
      </object_component>
      <object_component id="oc-3a">
         <name>.debug_abbrev</name>
         <load_address>0x5e4</load_address>
         <run_address>0x5e4</run_address>
         <size>0x1c8</size>
         <input_file_ref idref="fl-f"/>
      </object_component>
      <object_component id="oc-40">
         <name>.debug_abbrev</name>
         <load_address>0x7ac</load_address>
         <run_address>0x7ac</run_address>
         <size>0x19c</size>
         <input_file_ref idref="fl-10"/>
      </object_component>
      <object_component id="oc-46">
         <name>.debug_abbrev</name>
         <load_address>0x948</load_address>
         <run_address>0x948</run_address>
         <size>0x19d</size>
         <input_file_ref idref="fl-11"/>
      </object_component>
      <object_component id="oc-4d">
         <name>.debug_abbrev</name>
         <load_address>0xae5</load_address>
         <run_address>0xae5</run_address>
         <size>0x1e6</size>
         <input_file_ref idref="fl-12"/>
      </object_component>
      <object_component id="oc-54">
         <name>.debug_abbrev</name>
         <load_address>0xccb</load_address>
         <run_address>0xccb</run_address>
         <size>0x46</size>
         <input_file_ref idref="fl-1e"/>
      </object_component>
      <object_component id="oc-59">
         <name>.debug_abbrev</name>
         <load_address>0xd11</load_address>
         <run_address>0xd11</run_address>
         <size>0x38</size>
         <input_file_ref idref="fl-1f"/>
      </object_component>
      <object_component id="oc-5e">
         <name>.debug_abbrev</name>
         <load_address>0xd49</load_address>
         <run_address>0xd49</run_address>
         <size>0xe3</size>
         <input_file_ref idref="fl-20"/>
      </object_component>
      <object_component id="oc-63">
         <name>.debug_abbrev</name>
         <load_address>0xe2c</load_address>
         <run_address>0xe2c</run_address>
         <size>0xa8</size>
         <input_file_ref idref="fl-21"/>
      </object_component>
      <object_component id="oc-68">
         <name>.debug_abbrev</name>
         <load_address>0xed4</load_address>
         <run_address>0xed4</run_address>
         <size>0x68</size>
         <input_file_ref idref="fl-22"/>
      </object_component>
      <object_component id="oc-6d">
         <name>.debug_abbrev</name>
         <load_address>0xf3c</load_address>
         <run_address>0xf3c</run_address>
         <size>0x66</size>
         <input_file_ref idref="fl-23"/>
      </object_component>
      <object_component id="oc-74">
         <name>.debug_abbrev</name>
         <load_address>0xfa2</load_address>
         <run_address>0xfa2</run_address>
         <size>0x130</size>
         <input_file_ref idref="fl-24"/>
      </object_component>
      <object_component id="oc-79">
         <name>.debug_abbrev</name>
         <load_address>0x10d2</load_address>
         <run_address>0x10d2</run_address>
         <size>0xb2</size>
         <input_file_ref idref="fl-25"/>
      </object_component>
      <object_component id="oc-7e">
         <name>.debug_abbrev</name>
         <load_address>0x1184</load_address>
         <run_address>0x1184</run_address>
         <size>0xee</size>
         <input_file_ref idref="fl-26"/>
      </object_component>
      <object_component id="oc-eb">
         <name>.debug_abbrev</name>
         <load_address>0x1272</load_address>
         <run_address>0x1272</run_address>
         <size>0xf</size>
      </object_component>
      <object_component id="oc-1a">
         <name>.debug_aranges</name>
         <load_address>0x0</load_address>
         <run_address>0x0</run_address>
         <size>0x88</size>
         <input_file_ref idref="fl-2"/>
      </object_component>
      <object_component id="oc-22">
         <name>.debug_aranges</name>
         <load_address>0x88</load_address>
         <run_address>0x88</run_address>
         <size>0x38</size>
         <input_file_ref idref="fl-3"/>
      </object_component>
      <object_component id="oc-2a">
         <name>.debug_aranges</name>
         <load_address>0xc0</load_address>
         <run_address>0xc0</run_address>
         <size>0x60</size>
         <input_file_ref idref="fl-4"/>
      </object_component>
      <object_component id="oc-2f">
         <name>.debug_aranges</name>
         <load_address>0x120</load_address>
         <run_address>0x120</run_address>
         <size>0x28</size>
         <input_file_ref idref="fl-5"/>
      </object_component>
      <object_component id="oc-35">
         <name>.debug_aranges</name>
         <load_address>0x148</load_address>
         <run_address>0x148</run_address>
         <size>0x70</size>
         <input_file_ref idref="fl-e"/>
      </object_component>
      <object_component id="oc-3b">
         <name>.debug_aranges</name>
         <load_address>0x1b8</load_address>
         <run_address>0x1b8</run_address>
         <size>0x50</size>
         <input_file_ref idref="fl-f"/>
      </object_component>
      <object_component id="oc-41">
         <name>.debug_aranges</name>
         <load_address>0x208</load_address>
         <run_address>0x208</run_address>
         <size>0x58</size>
         <input_file_ref idref="fl-10"/>
      </object_component>
      <object_component id="oc-47">
         <name>.debug_aranges</name>
         <load_address>0x260</load_address>
         <run_address>0x260</run_address>
         <size>0x78</size>
         <input_file_ref idref="fl-11"/>
      </object_component>
      <object_component id="oc-4e">
         <name>.debug_aranges</name>
         <load_address>0x2d8</load_address>
         <run_address>0x2d8</run_address>
         <size>0xd8</size>
         <input_file_ref idref="fl-12"/>
      </object_component>
      <object_component id="oc-55">
         <name>.debug_aranges</name>
         <load_address>0x3b0</load_address>
         <run_address>0x3b0</run_address>
         <size>0x20</size>
         <input_file_ref idref="fl-1e"/>
      </object_component>
      <object_component id="oc-5a">
         <name>.debug_aranges</name>
         <load_address>0x3d0</load_address>
         <run_address>0x3d0</run_address>
         <size>0x20</size>
         <input_file_ref idref="fl-1f"/>
      </object_component>
      <object_component id="oc-5f">
         <name>.debug_aranges</name>
         <load_address>0x3f0</load_address>
         <run_address>0x3f0</run_address>
         <size>0x20</size>
         <input_file_ref idref="fl-20"/>
      </object_component>
      <object_component id="oc-64">
         <name>.debug_aranges</name>
         <load_address>0x410</load_address>
         <run_address>0x410</run_address>
         <size>0x20</size>
         <input_file_ref idref="fl-21"/>
      </object_component>
      <object_component id="oc-69">
         <name>.debug_aranges</name>
         <load_address>0x430</load_address>
         <run_address>0x430</run_address>
         <size>0x20</size>
         <input_file_ref idref="fl-22"/>
      </object_component>
      <object_component id="oc-6e">
         <name>.debug_aranges</name>
         <load_address>0x450</load_address>
         <run_address>0x450</run_address>
         <size>0x20</size>
         <input_file_ref idref="fl-23"/>
      </object_component>
      <object_component id="oc-75">
         <name>.debug_aranges</name>
         <load_address>0x470</load_address>
         <run_address>0x470</run_address>
         <size>0x28</size>
         <input_file_ref idref="fl-24"/>
      </object_component>
      <object_component id="oc-7a">
         <name>.debug_aranges</name>
         <load_address>0x498</load_address>
         <run_address>0x498</run_address>
         <size>0x30</size>
         <input_file_ref idref="fl-25"/>
      </object_component>
      <object_component id="oc-7f">
         <name>.debug_aranges</name>
         <load_address>0x4c8</load_address>
         <run_address>0x4c8</run_address>
         <size>0x20</size>
         <input_file_ref idref="fl-26"/>
      </object_component>
   </object_component_list>
   <logical_group_list>
      <logical_group id="lg-2" display="no" color="cyan">
         <name>codestart</name>
         <load_address>0x80000</load_address>
         <run_address>0x80000</run_address>
         <size>0x2</size>
         <contents>
            <object_component_ref idref="oc-11"/>
         </contents>
      </logical_group>
      <logical_group id="lg-e9" display="no" color="cyan">
         <name>.text</name>
         <load_address>0x82000</load_address>
         <run_address>0x82000</run_address>
         <size>0xe9a</size>
         <contents>
            <object_component_ref idref="oc-8e"/>
            <object_component_ref idref="oc-82"/>
            <object_component_ref idref="oc-a0"/>
            <object_component_ref idref="oc-ba"/>
            <object_component_ref idref="oc-84"/>
            <object_component_ref idref="oc-15"/>
            <object_component_ref idref="oc-56"/>
            <object_component_ref idref="oc-c6"/>
            <object_component_ref idref="oc-b9"/>
            <object_component_ref idref="oc-4f"/>
            <object_component_ref idref="oc-95"/>
            <object_component_ref idref="oc-a1"/>
            <object_component_ref idref="oc-85"/>
            <object_component_ref idref="oc-80"/>
            <object_component_ref idref="oc-83"/>
            <object_component_ref idref="oc-81"/>
            <object_component_ref idref="oc-99"/>
            <object_component_ref idref="oc-97"/>
            <object_component_ref idref="oc-a3"/>
            <object_component_ref idref="oc-92"/>
            <object_component_ref idref="oc-96"/>
            <object_component_ref idref="oc-93"/>
            <object_component_ref idref="oc-9a"/>
            <object_component_ref idref="oc-94"/>
            <object_component_ref idref="oc-8c"/>
            <object_component_ref idref="oc-cb"/>
            <object_component_ref idref="oc-c7"/>
            <object_component_ref idref="oc-bc"/>
            <object_component_ref idref="oc-89"/>
            <object_component_ref idref="oc-8f"/>
            <object_component_ref idref="oc-98"/>
            <object_component_ref idref="oc-c5"/>
            <object_component_ref idref="oc-c4"/>
            <object_component_ref idref="oc-9c"/>
            <object_component_ref idref="oc-91"/>
            <object_component_ref idref="oc-a2"/>
            <object_component_ref idref="oc-bd"/>
            <object_component_ref idref="oc-a9"/>
            <object_component_ref idref="oc-9b"/>
            <object_component_ref idref="oc-c3"/>
            <object_component_ref idref="oc-c9"/>
            <object_component_ref idref="oc-be"/>
            <object_component_ref idref="oc-c0"/>
            <object_component_ref idref="oc-bf"/>
            <object_component_ref idref="oc-c2"/>
            <object_component_ref idref="oc-c8"/>
            <object_component_ref idref="oc-90"/>
            <object_component_ref idref="oc-8d"/>
            <object_component_ref idref="oc-c1"/>
            <object_component_ref idref="oc-ca"/>
            <object_component_ref idref="oc-a4"/>
            <object_component_ref idref="oc-aa"/>
            <object_component_ref idref="oc-8b"/>
            <object_component_ref idref="oc-cd"/>
            <object_component_ref idref="oc-ae"/>
            <object_component_ref idref="oc-af"/>
            <object_component_ref idref="oc-a6"/>
            <object_component_ref idref="oc-a5"/>
            <object_component_ref idref="oc-ab"/>
            <object_component_ref idref="oc-b8"/>
            <object_component_ref idref="oc-ac"/>
            <object_component_ref idref="oc-2b"/>
            <object_component_ref idref="oc-cc"/>
            <object_component_ref idref="oc-a8"/>
            <object_component_ref idref="oc-a7"/>
            <object_component_ref idref="oc-88"/>
            <object_component_ref idref="oc-8a"/>
         </contents>
      </logical_group>
      <split_section id="lg-3" display="no" color="cyan">
         <name>.text</name>
         <contents>
            <logical_group_ref idref="lg-e9"/>
         </contents>
      </split_section>
      <logical_group id="lg-4" display="no" color="cyan">
         <name>.cinit</name>
         <load_address>0x81138</load_address>
         <run_address>0x81138</run_address>
         <size>0x46</size>
         <contents>
            <object_component_ref idref="oc-1c"/>
            <object_component_ref idref="oc-70"/>
            <object_component_ref idref="oc-24"/>
            <object_component_ref idref="oc-9e"/>
            <object_component_ref idref="oc-ad"/>
            <object_component_ref idref="oc-13"/>
         </contents>
      </logical_group>
      <logical_group id="lg-5" display="no" color="cyan">
         <name>.switch</name>
         <run_address>0x0</run_address>
         <size>0x0</size>
         <contents>
         </contents>
      </logical_group>
      <logical_group id="lg-6" display="no" color="cyan">
         <name>.reset</name>
         <load_address>0x3fffc0</load_address>
         <run_address>0x3fffc0</run_address>
         <size>0x2</size>
         <contents>
            <object_component_ref idref="oc-51"/>
         </contents>
      </logical_group>
      <logical_group id="lg-7" display="no" color="cyan">
         <name>.stack</name>
         <run_address>0x400</run_address>
         <size>0x100</size>
         <contents>
            <object_component_ref idref="oc-50"/>
            <object_component_ref idref="oc-e8"/>
         </contents>
      </logical_group>
      <logical_group id="lg-8" display="no" color="cyan">
         <name>.pinit</name>
         <run_address>0x0</run_address>
         <size>0x0</size>
         <contents>
         </contents>
      </logical_group>
      <logical_group id="lg-9" display="no" color="cyan">
         <name>.ebss</name>
         <run_address>0xa800</run_address>
         <size>0x28</size>
         <contents>
            <object_component_ref idref="oc-14"/>
            <object_component_ref idref="oc-1d"/>
            <object_component_ref idref="oc-86"/>
            <object_component_ref idref="oc-87"/>
            <object_component_ref idref="oc-25"/>
            <object_component_ref idref="oc-71"/>
            <object_component_ref idref="oc-9d"/>
            <object_component_ref idref="oc-bb"/>
         </contents>
      </logical_group>
      <logical_group id="lg-a" display="no" color="cyan">
         <name>.esysmem</name>
         <run_address>0x0</run_address>
         <size>0x0</size>
         <contents>
         </contents>
      </logical_group>
      <logical_group id="lg-b" display="no" color="cyan">
         <name>.cio</name>
         <run_address>0x0</run_address>
         <size>0x0</size>
         <contents>
         </contents>
      </logical_group>
      <logical_group id="lg-c" display="no" color="cyan">
         <name>.econst</name>
         <load_address>0x84000</load_address>
         <run_address>0x84000</run_address>
         <size>0x53f</size>
         <contents>
            <object_component_ref idref="oc-31"/>
            <object_component_ref idref="oc-37"/>
            <object_component_ref idref="oc-4a"/>
            <object_component_ref idref="oc-43"/>
            <object_component_ref idref="oc-16"/>
            <object_component_ref idref="oc-3d"/>
            <object_component_ref idref="oc-1e"/>
            <object_component_ref idref="oc-26"/>
         </contents>
      </logical_group>
      <logical_group id="lg-d" display="no" color="cyan">
         <name>ramgs0</name>
         <run_address>0x0</run_address>
         <size>0x0</size>
         <contents>
         </contents>
      </logical_group>
      <logical_group id="lg-e" display="no" color="cyan">
         <name>ramgs1</name>
         <run_address>0x0</run_address>
         <size>0x0</size>
         <contents>
         </contents>
      </logical_group>
      <logical_group id="lg-f" display="no" color="cyan">
         <name>.TI.ramfunc</name>
         <load_address>0x81000</load_address>
         <run_address>0x8000</run_address>
         <size>0x136</size>
         <contents>
            <object_component_ref idref="oc-9f"/>
            <object_component_ref idref="oc-b0"/>
            <object_component_ref idref="oc-b4"/>
            <object_component_ref idref="oc-b1"/>
            <object_component_ref idref="oc-b2"/>
            <object_component_ref idref="oc-b3"/>
            <object_component_ref idref="oc-b5"/>
            <object_component_ref idref="oc-b6"/>
            <object_component_ref idref="oc-b7"/>
            <object_component_ref idref="oc-49"/>
         </contents>
      </logical_group>
      <logical_group id="lg-dc" display="never" color="cyan">
         <name>.debug_info</name>
         <load_address>0x0</load_address>
         <run_address>0x0</run_address>
         <size>0xf780</size>
         <contents>
            <object_component_ref idref="oc-12"/>
            <object_component_ref idref="oc-1b"/>
            <object_component_ref idref="oc-23"/>
            <object_component_ref idref="oc-2d"/>
            <object_component_ref idref="oc-30"/>
            <object_component_ref idref="oc-36"/>
            <object_component_ref idref="oc-3c"/>
            <object_component_ref idref="oc-42"/>
            <object_component_ref idref="oc-48"/>
            <object_component_ref idref="oc-52"/>
            <object_component_ref idref="oc-57"/>
            <object_component_ref idref="oc-5b"/>
            <object_component_ref idref="oc-60"/>
            <object_component_ref idref="oc-65"/>
            <object_component_ref idref="oc-6a"/>
            <object_component_ref idref="oc-6f"/>
            <object_component_ref idref="oc-76"/>
            <object_component_ref idref="oc-7b"/>
            <object_component_ref idref="oc-ea"/>
         </contents>
      </logical_group>
      <logical_group id="lg-de" display="never" color="cyan">
         <name>.debug_frame</name>
         <load_address>0x0</load_address>
         <run_address>0x0</run_address>
         <size>0xdd4</size>
         <contents>
            <object_component_ref idref="oc-17"/>
            <object_component_ref idref="oc-1f"/>
            <object_component_ref idref="oc-27"/>
            <object_component_ref idref="oc-32"/>
            <object_component_ref idref="oc-38"/>
            <object_component_ref idref="oc-3e"/>
            <object_component_ref idref="oc-44"/>
            <object_component_ref idref="oc-4b"/>
            <object_component_ref idref="oc-5c"/>
            <object_component_ref idref="oc-61"/>
            <object_component_ref idref="oc-66"/>
            <object_component_ref idref="oc-6b"/>
            <object_component_ref idref="oc-72"/>
            <object_component_ref idref="oc-77"/>
            <object_component_ref idref="oc-7c"/>
         </contents>
      </logical_group>
      <logical_group id="lg-e0" display="never" color="cyan">
         <name>.debug_line</name>
         <load_address>0x0</load_address>
         <run_address>0x0</run_address>
         <size>0x1a0a</size>
         <contents>
            <object_component_ref idref="oc-18"/>
            <object_component_ref idref="oc-20"/>
            <object_component_ref idref="oc-28"/>
            <object_component_ref idref="oc-2c"/>
            <object_component_ref idref="oc-33"/>
            <object_component_ref idref="oc-39"/>
            <object_component_ref idref="oc-3f"/>
            <object_component_ref idref="oc-45"/>
            <object_component_ref idref="oc-4c"/>
            <object_component_ref idref="oc-53"/>
            <object_component_ref idref="oc-58"/>
            <object_component_ref idref="oc-5d"/>
            <object_component_ref idref="oc-62"/>
            <object_component_ref idref="oc-67"/>
            <object_component_ref idref="oc-6c"/>
            <object_component_ref idref="oc-73"/>
            <object_component_ref idref="oc-78"/>
            <object_component_ref idref="oc-7d"/>
         </contents>
      </logical_group>
      <logical_group id="lg-e2" display="never" color="cyan">
         <name>.debug_abbrev</name>
         <load_address>0x0</load_address>
         <run_address>0x0</run_address>
         <size>0x1281</size>
         <contents>
            <object_component_ref idref="oc-19"/>
            <object_component_ref idref="oc-21"/>
            <object_component_ref idref="oc-29"/>
            <object_component_ref idref="oc-2e"/>
            <object_component_ref idref="oc-34"/>
            <object_component_ref idref="oc-3a"/>
            <object_component_ref idref="oc-40"/>
            <object_component_ref idref="oc-46"/>
            <object_component_ref idref="oc-4d"/>
            <object_component_ref idref="oc-54"/>
            <object_component_ref idref="oc-59"/>
            <object_component_ref idref="oc-5e"/>
            <object_component_ref idref="oc-63"/>
            <object_component_ref idref="oc-68"/>
            <object_component_ref idref="oc-6d"/>
            <object_component_ref idref="oc-74"/>
            <object_component_ref idref="oc-79"/>
            <object_component_ref idref="oc-7e"/>
            <object_component_ref idref="oc-eb"/>
         </contents>
      </logical_group>
      <logical_group id="lg-e4" display="never" color="cyan">
         <name>.debug_aranges</name>
         <load_address>0x0</load_address>
         <run_address>0x0</run_address>
         <size>0x4e8</size>
         <contents>
            <object_component_ref idref="oc-1a"/>
            <object_component_ref idref="oc-22"/>
            <object_component_ref idref="oc-2a"/>
            <object_component_ref idref="oc-2f"/>
            <object_component_ref idref="oc-35"/>
            <object_component_ref idref="oc-3b"/>
            <object_component_ref idref="oc-41"/>
            <object_component_ref idref="oc-47"/>
            <object_component_ref idref="oc-4e"/>
            <object_component_ref idref="oc-55"/>
            <object_component_ref idref="oc-5a"/>
            <object_component_ref idref="oc-5f"/>
            <object_component_ref idref="oc-64"/>
            <object_component_ref idref="oc-69"/>
            <object_component_ref idref="oc-6e"/>
            <object_component_ref idref="oc-75"/>
            <object_component_ref idref="oc-7a"/>
            <object_component_ref idref="oc-7f"/>
         </contents>
      </logical_group>
   </logical_group_list>
   <placement_map>
      <memory_area display="yes" color="green">
         <name>RAMM0</name>
         <page_id>0x0</page_id>
         <origin>0xf4</origin>
         <length>0x30c</length>
         <used_space>0x0</used_space>
         <unused_space>0x30c</unused_space>
         <attributes>RWIX</attributes>
         <usage_details>
         </usage_details>
      </memory_area>
      <memory_area display="yes" color="green">
         <name>RAMLS0</name>
         <page_id>0x0</page_id>
         <origin>0x8000</origin>
         <length>0x800</length>
         <used_space>0x136</used_space>
         <unused_space>0x6ca</unused_space>
         <attributes>RWIX</attributes>
         <usage_details>
            <allocated_space>
               <start_address>0x8000</start_address>
               <size>0x136</size>
               <logical_group_ref idref="lg-f"/>
            </allocated_space>
            <available_space>
               <start_address>0x8136</start_address>
               <size>0x6ca</size>
            </available_space>
         </usage_details>
      </memory_area>
      <memory_area display="yes" color="green">
         <name>RAMLS1</name>
         <page_id>0x0</page_id>
         <origin>0x8800</origin>
         <length>0x800</length>
         <used_space>0x0</used_space>
         <unused_space>0x800</unused_space>
         <attributes>RWIX</attributes>
         <usage_details>
         </usage_details>
      </memory_area>
      <memory_area display="yes" color="green">
         <name>RAMLS2</name>
         <page_id>0x0</page_id>
         <origin>0x9000</origin>
         <length>0x800</length>
         <used_space>0x0</used_space>
         <unused_space>0x800</unused_space>
         <attributes>RWIX</attributes>
         <usage_details>
         </usage_details>
      </memory_area>
      <memory_area display="yes" color="green">
         <name>RAMLS3</name>
         <page_id>0x0</page_id>
         <origin>0x9800</origin>
         <length>0x800</length>
         <used_space>0x0</used_space>
         <unused_space>0x800</unused_space>
         <attributes>RWIX</attributes>
         <usage_details>
         </usage_details>
      </memory_area>
      <memory_area display="yes" color="green">
         <name>RAMLS4</name>
         <page_id>0x0</page_id>
         <origin>0xa000</origin>
         <length>0x800</length>
         <used_space>0x0</used_space>
         <unused_space>0x800</unused_space>
         <attributes>RWIX</attributes>
         <usage_details>
         </usage_details>
      </memory_area>
      <memory_area display="no" color="green">
         <name>BEGIN</name>
         <page_id>0x0</page_id>
         <origin>0x80000</origin>
         <length>0x2</length>
         <used_space>0x2</used_space>
         <unused_space>0x0</unused_space>
         <attributes>RWIX</attributes>
         <usage_details>
            <allocated_space>
               <start_address>0x80000</start_address>
               <size>0x2</size>
               <logical_group_ref idref="lg-2"/>
            </allocated_space>
         </usage_details>
      </memory_area>
      <memory_area display="yes" color="green">
         <name>FLASH_BANK0_SEC0</name>
         <page_id>0x0</page_id>
         <origin>0x80002</origin>
         <length>0xffe</length>
         <used_space>0x0</used_space>
         <unused_space>0xffe</unused_space>
         <attributes>RWIX</attributes>
         <usage_details>
         </usage_details>
      </memory_area>
      <memory_area display="yes" color="green">
         <name>FLASH_BANK0_SEC1</name>
         <page_id>0x0</page_id>
         <origin>0x81000</origin>
         <length>0x1000</length>
         <used_space>0x17c</used_space>
         <unused_space>0xe84</unused_space>
         <attributes>RWIX</attributes>
         <usage_details>
            <allocated_space>
               <start_address>0x81000</start_address>
               <size>0x136</size>
               <logical_group_ref idref="lg-f"/>
            </allocated_space>
            <available_space>
               <start_address>0x81136</start_address>
               <size>0x2</size>
            </available_space>
            <allocated_space>
               <start_address>0x81138</start_address>
               <size>0x46</size>
               <logical_group_ref idref="lg-4"/>
            </allocated_space>
            <available_space>
               <start_address>0x8117e</start_address>
               <size>0xe82</size>
            </available_space>
         </usage_details>
      </memory_area>
      <memory_area display="yes" color="green">
         <name>FLASH_BANK0_SEC2</name>
         <page_id>0x0</page_id>
         <origin>0x82000</origin>
         <length>0x1000</length>
         <used_space>0xe9a</used_space>
         <unused_space>0x166</unused_space>
         <attributes>RWIX</attributes>
         <usage_details>
            <allocated_space>
               <start_address>0x82000</start_address>
               <size>0xe9a</size>
               <logical_group_ref idref="lg-e9"/>
            </allocated_space>
            <available_space>
               <start_address>0x82e9a</start_address>
               <size>0x166</size>
            </available_space>
         </usage_details>
      </memory_area>
      <memory_area display="yes" color="green">
         <name>FLASH_BANK0_SEC3</name>
         <page_id>0x0</page_id>
         <origin>0x83000</origin>
         <length>0x1000</length>
         <used_space>0x0</used_space>
         <unused_space>0x1000</unused_space>
         <attributes>RWIX</attributes>
         <usage_details>
         </usage_details>
      </memory_area>
      <memory_area display="yes" color="green">
         <name>FLASH_BANK0_SEC4</name>
         <page_id>0x0</page_id>
         <origin>0x84000</origin>
         <length>0x1000</length>
         <used_space>0x53f</used_space>
         <unused_space>0xac1</unused_space>
         <attributes>RWIX</attributes>
         <usage_details>
            <allocated_space>
               <start_address>0x84000</start_address>
               <size>0x53f</size>
               <logical_group_ref idref="lg-c"/>
            </allocated_space>
            <available_space>
               <start_address>0x8453f</start_address>
               <size>0xac1</size>
            </available_space>
         </usage_details>
      </memory_area>
      <memory_area display="yes" color="green">
         <name>FLASH_BANK0_SEC5</name>
         <page_id>0x0</page_id>
         <origin>0x85000</origin>
         <length>0x1000</length>
         <used_space>0x0</used_space>
         <unused_space>0x1000</unused_space>
         <attributes>RWIX</attributes>
         <usage_details>
         </usage_details>
      </memory_area>
      <memory_area display="yes" color="green">
         <name>FLASH_BANK0_SEC6</name>
         <page_id>0x0</page_id>
         <origin>0x86000</origin>
         <length>0x1000</length>
         <used_space>0x0</used_space>
         <unused_space>0x1000</unused_space>
         <attributes>RWIX</attributes>
         <usage_details>
         </usage_details>
      </memory_area>
      <memory_area display="yes" color="green">
         <name>FLASH_BANK0_SEC7</name>
         <page_id>0x0</page_id>
         <origin>0x87000</origin>
         <length>0x1000</length>
         <used_space>0x0</used_space>
         <unused_space>0x1000</unused_space>
         <attributes>RWIX</attributes>
         <usage_details>
         </usage_details>
      </memory_area>
      <memory_area display="yes" color="green">
         <name>FLASH_BANK0_SEC8</name>
         <page_id>0x0</page_id>
         <origin>0x88000</origin>
         <length>0x1000</length>
         <used_space>0x0</used_space>
         <unused_space>0x1000</unused_space>
         <attributes>RWIX</attributes>
         <usage_details>
         </usage_details>
      </memory_area>
      <memory_area display="yes" color="green">
         <name>FLASH_BANK0_SEC9</name>
         <page_id>0x0</page_id>
         <origin>0x89000</origin>
         <length>0x1000</length>
         <used_space>0x0</used_space>
         <unused_space>0x1000</unused_space>
         <attributes>RWIX</attributes>
         <usage_details>
         </usage_details>
      </memory_area>
      <memory_area display="yes" color="green">
         <name>FLASH_BANK0_SEC10</name>
         <page_id>0x0</page_id>
         <origin>0x8a000</origin>
         <length>0x1000</length>
         <used_space>0x0</used_space>
         <unused_space>0x1000</unused_space>
         <attributes>RWIX</attributes>
         <usage_details>
         </usage_details>
      </memory_area>
      <memory_area display="yes" color="green">
         <name>FLASH_BANK0_SEC11</name>
         <page_id>0x0</page_id>
         <origin>0x8b000</origin>
         <length>0x1000</length>
         <used_space>0x0</used_space>
         <unused_space>0x1000</unused_space>
         <attributes>RWIX</attributes>
         <usage_details>
         </usage_details>
      </memory_area>
      <memory_area display="yes" color="green">
         <name>FLASH_BANK0_SEC12</name>
         <page_id>0x0</page_id>
         <origin>0x8c000</origin>
         <length>0x1000</length>
         <used_space>0x0</used_space>
         <unused_space>0x1000</unused_space>
         <attributes>RWIX</attributes>
         <usage_details>
         </usage_details>
      </memory_area>
      <memory_area display="yes" color="green">
         <name>FLASH_BANK0_SEC13</name>
         <page_id>0x0</page_id>
         <origin>0x8d000</origin>
         <length>0x1000</length>
         <used_space>0x0</used_space>
         <unused_space>0x1000</unused_space>
         <attributes>RWIX</attributes>
         <usage_details>
         </usage_details>
      </memory_area>
      <memory_area display="yes" color="green">
         <name>FLASH_BANK0_SEC14</name>
         <page_id>0x0</page_id>
         <origin>0x8e000</origin>
         <length>0x1000</length>
         <used_space>0x0</used_space>
         <unused_space>0x1000</unused_space>
         <attributes>RWIX</attributes>
         <usage_details>
         </usage_details>
      </memory_area>
      <memory_area display="yes" color="green">
         <name>FLASH_BANK0_SEC15</name>
         <page_id>0x0</page_id>
         <origin>0x8f000</origin>
         <length>0x1000</length>
         <used_space>0x0</used_space>
         <unused_space>0x1000</unused_space>
         <attributes>RWIX</attributes>
         <usage_details>
         </usage_details>
      </memory_area>
      <memory_area display="yes" color="green">
         <name>FLASH_BANK1_SEC0</name>
         <page_id>0x0</page_id>
         <origin>0x90000</origin>
         <length>0x1000</length>
         <used_space>0x0</used_space>
         <unused_space>0x1000</unused_space>
         <attributes>RWIX</attributes>
         <usage_details>
         </usage_details>
      </memory_area>
      <memory_area display="yes" color="green">
         <name>FLASH_BANK1_SEC1</name>
         <page_id>0x0</page_id>
         <origin>0x91000</origin>
         <length>0x1000</length>
         <used_space>0x0</used_space>
         <unused_space>0x1000</unused_space>
[...]
         <origin>0x98000</origin>
         <length>0x1000</length>
         <used_space>0x0</used_space>
         <unused_space>0x1000</unused_space>
         <attributes>RWIX</attributes>
         <usage_details>
         </usage_details>
      </memory_area>
      <memory_area display="yes" color="green">
         <name>FLASH_BANK1_SEC9</name>
         <page_id>0x0</page_id>
         <origin>0x99000</origin>
         <length>0x1000</length>
         <used_space>0x0</used_space>
         <unused_space>0x1000</unused_space>
         <attributes>RWIX</attributes>
         <usage_details>
         </usage_details>
      </memory_area>
      <memory_area display="yes" color="green">
         <name>FLASH_BANK1_SEC10</name>
         <page_id>0x0</page_id>
         <origin>0x9a000</origin>
         <length>0x1000</length>
         <used_space>0x0</used_space>
         <unused_space>0x1000</unused_space>
         <attributes>RWIX</attributes>
         <usage_details>
         </usage_details>
      </memory_area>
      <memory_area display="yes" color="green">
         <name>FLASH_BANK1_SEC11</name>
         <page_id>0x0</page_id>
         <origin>0x9b000</origin>
         <length>0x1000</length>
         <used_space>0x0</used_space>
         <unused_space>0x1000</unused_space>
         <attributes>RWIX</attributes>
         <usage_details>
         </usage_details>
      </memory_area>
      <memory_area display="yes" color="green">
         <name>FLASH_BANK1_SEC12</name>
         <page_id>0x0</page_id>
         <origin>0x9c000</origin>
         <length>0x1000</length>
         <used_space>0x0</used_space>
         <unused_space>0x1000</unused_space>
         <attributes>RWIX</attributes>
         <usage_details>
         </usage_details>
      </memory_area>
      <memory_area display="yes" color="green">
         <name>FLASH_BANK1_SEC13</name>
         <page_id>0x0</page_id>
         <origin>0x9d000</origin>
         <length>0x1000</length>
         <used_space>0x0</used_space>
         <unused_space>0x1000</unused_space>
         <attributes>RWIX</attributes>
         <usage_details>
         </usage_details>
      </memory_area>
      <memory_area display="yes" color="green">
         <name>FLASH_BANK1_SEC14</name>
         <page_id>0x0</page_id>
         <origin>0x9e000</origin>
         <length>0x1000</length>
         <used_space>0x0</used_space>
         <unused_space>0x1000</unused_space>
         <attributes>RWIX</attributes>
         <usage_details>
         </usage_details>
      </memory_area>
      <memory_area display="yes" color="green">
         <name>FLASH_BANK1_SEC15</name>
         <page_id>0x0</page_id>
         <origin>0x9f000</origin>
         <length>0xff0</length>
         <used_space>0x0</used_space>
         <unused_space>0xff0</unused_space>
         <attributes>RWIX</attributes>
         <usage_details>
         </usage_details>
      </memory_area>
      <memory_area display="no" color="green">
         <name>RESET</name>
         <page_id>0x0</page_id>
         <origin>0x3fffc0</origin>
         <length>0x2</length>
         <used_space>0x0</used_space>
         <unused_space>0x2</unused_space>
         <attributes>RWIX</attributes>
         <usage_details>
         </usage_details>
      </memory_area>
      <memory_area display="yes" color="green">
         <name>BOOT_RSVD</name>
         <page_id>0x1</page_id>
         <origin>0x2</origin>
         <length>0xf1</length>
         <used_space>0x0</used_space>
         <unused_space>0xf1</unused_space>
         <attributes>RWIX</attributes>
         <usage_details>
         </usage_details>
      </memory_area>
      <memory_area display="yes" color="green">
         <name>RAMM1</name>
         <page_id>0x1</page_id>
         <origin>0x400</origin>
         <length>0x3f8</length>
         <used_space>0x100</used_space>
         <unused_space>0x2f8</unused_space>
         <attributes>RWIX</attributes>
         <usage_details>
            <allocated_space>
               <start_address>0x400</start_address>
               <size>0x100</size>
               <logical_group_ref idref="lg-7"/>
            </allocated_space>
            <available_space>
               <start_address>0x500</start_address>
               <size>0x2f8</size>
            </available_space>
         </usage_details>
      </memory_area>
      <memory_area display="yes" color="green">
         <name>RAMLS5</name>
         <page_id>0x1</page_id>
         <origin>0xa800</origin>
         <length>0x800</length>
         <used_space>0x28</used_space>
         <unused_space>0x7d8</unused_space>
         <attributes>RWIX</attributes>
         <usage_details>
            <allocated_space>
               <start_address>0xa800</start_address>
               <size>0x28</size>
               <logical_group_ref idref="lg-9"/>
            </allocated_space>
            <available_space>
               <start_address>0xa828</start_address>
               <size>0x7d8</size>
            </available_space>
         </usage_details>
      </memory_area>
      <memory_area display="yes" color="green">
         <name>RAMLS6</name>
         <page_id>0x1</page_id>
         <origin>0xb000</origin>
         <length>0x800</length>
         <used_space>0x0</used_space>
         <unused_space>0x800</unused_space>
         <attributes>RWIX</attributes>
         <usage_details>
         </usage_details>
      </memory_area>
      <memory_area display="yes" color="green">
         <name>RAMLS7</name>
         <page_id>0x1</page_id>
         <origin>0xb800</origin>
         <length>0x800</length>
         <used_space>0x0</used_space>
         <unused_space>0x800</unused_space>
         <attributes>RWIX</attributes>
         <usage_details>
         </usage_details>
      </memory_area>
      <memory_area display="yes" color="green">
         <name>RAMGS0</name>
         <page_id>0x1</page_id>
         <origin>0xc000</origin>
         <length>0x2000</length>
         <used_space>0x0</used_space>
         <unused_space>0x2000</unused_space>
         <attributes>RWIX</attributes>
         <usage_details>
         </usage_details>
      </memory_area>
      <memory_area display="yes" color="green">
         <name>RAMGS1</name>
         <page_id>0x1</page_id>
         <origin>0xe000</origin>
         <length>0x2000</length>
         <used_space>0x0</used_space>
         <unused_space>0x2000</unused_space>
         <attributes>RWIX</attributes>
         <usage_details>
         </usage_details>
      </memory_area>
      <memory_area display="yes" color="green">
         <name>RAMGS2</name>
         <page_id>0x1</page_id>
         <origin>0x10000</origin>
         <length>0x2000</length>
         <used_space>0x0</used_space>
         <unused_space>0x2000</unused_space>
         <attributes>RWIX</attributes>
         <usage_details>
         </usage_details>
      </memory_area>
      <memory_area display="yes" color="green">
         <name>RAMGS3</name>
         <page_id>0x1</page_id>
         <origin>0x12000</origin>
         <length>0x1ff8</length>
         <used_space>0x0</used_space>
         <unused_space>0x1ff8</unused_space>
         <attributes>RWIX</attributes>
         <usage_details>
         </usage_details>
      </memory_area>
   </placement_map>
   <symbol_table>
      <symbol id="sm-0">
         <name>_RamfuncsLoadStart</name>
         <value>0x81000</value>
      </symbol>
      <symbol id="sm-1">
         <name>_RamfuncsLoadSize</name>
         <value>0x136</value>
      </symbol>
      <symbol id="sm-2">
         <name>_RamfuncsLoadEnd</name>
         <value>0x81136</value>
      </symbol>
      <symbol id="sm-3">
         <name>_RamfuncsRunStart</name>
         <value>0x8000</value>
      </symbol>
      <symbol id="sm-4">
         <name>_RamfuncsRunSize</name>
         <value>0x136</value>
      </symbol>
      <symbol id="sm-5">
         <name>_RamfuncsRunEnd</name>
         <value>0x8136</value>
      </symbol>
      <symbol id="sm-6">
         <name>cinit</name>
         <value>0x81138</value>
      </symbol>
      <symbol id="sm-7">
         <name>___cinit__</name>
         <value>0x81138</value>
      </symbol>
      <symbol id="sm-8">
         <name>pinit</name>
         <value>0xffffffff</value>
      </symbol>
      <symbol id="sm-9">
         <name>___pinit__</name>
         <value>0xffffffff</value>
      </symbol>
      <symbol id="sm-a">
         <name>binit</name>
         <value>0xffffffff</value>
      </symbol>
      <symbol id="sm-b">
         <name>___binit__</name>
         <value>0xffffffff</value>
      </symbol>
      <symbol id="sm-c">
         <name>__STACK_SIZE</name>
         <value>0x100</value>
      </symbol>
      <symbol id="sm-d">
         <name>__STACK_END</name>
         <value>0x500</value>
      </symbol>
      <symbol id="sm-e">
         <name>___c_args__</name>
         <value>0xffffffff</value>
      </symbol>
      <symbol id="sm-f">
         <name>.text</name>
         <value>0xffffffff</value>
      </symbol>
      <symbol id="sm-10">
         <name>___text__</name>
         <value>0xffffffff</value>
      </symbol>
      <symbol id="sm-11">
         <name>etext</name>
         <value>0xffffffff</value>
      </symbol>
      <symbol id="sm-12">
         <name>___etext__</name>
         <value>0xffffffff</value>
      </symbol>
      <symbol id="sm-13">
         <name>___TI_pprof_out_hndl</name>
         <value>0xffffffff</value>
      </symbol>
      <symbol id="sm-14">
         <name>___TI_prof_data_start</name>
         <value>0xffffffff</value>
      </symbol>
      <symbol id="sm-15">
         <name>___TI_prof_data_size</name>
         <value>0xffffffff</value>
      </symbol>
      <symbol id="sm-6b">
         <name>_main</name>
         <value>0x822ae</value>
         <object_component_ref idref="oc-82"/>
      </symbol>
      <symbol id="sm-6c">
         <name>_SCIATxISR</name>
         <value>0x8255f</value>
         <object_component_ref idref="oc-15"/>
      </symbol>
      <symbol id="sm-6d">
         <name>_msg</name>
         <value>0xa822</value>
         <object_component_ref idref="oc-14"/>
      </symbol>
      <symbol id="sm-6e">
         <name>_SCIARxISR</name>
         <value>0x825a3</value>
         <object_component_ref idref="oc-15"/>
      </symbol>
      <symbol id="sm-6f">
         <name>_counter</name>
         <value>0xa820</value>
         <object_component_ref idref="oc-14"/>
      </symbol>
      <symbol id="sm-93">
         <name>_scia_rx_count</name>
         <value>0xa801</value>
         <object_component_ref idref="oc-1d"/>
      </symbol>
      <symbol id="sm-94">
         <name>_scia_rx_lenth</name>
         <value>0xa802</value>
         <object_component_ref idref="oc-1d"/>
      </symbol>
      <symbol id="sm-95">
         <name>_scia_trans</name>
         <value>0xa806</value>
         <object_component_ref idref="oc-1d"/>
      </symbol>
      <symbol id="sm-96">
         <name>_scia_recev</name>
         <value>0xa808</value>
         <object_component_ref idref="oc-1d"/>
      </symbol>
      <symbol id="sm-97">
         <name>_scia_send_buffer</name>
         <value>0xa810</value>
         <object_component_ref idref="oc-86"/>
      </symbol>
      <symbol id="sm-98">
         <name>_scia_tx_count</name>
         <value>0xa800</value>
         <object_component_ref idref="oc-1d"/>
      </symbol>
      <symbol id="sm-99">
         <name>_SCI_readstring</name>
         <value>0x82510</value>
         <object_component_ref idref="oc-84"/>
      </symbol>
      <symbol id="sm-9a">
         <name>_scia_rcv_buffer</name>
         <value>0xa80a</value>
         <object_component_ref idref="oc-87"/>
      </symbol>
      <symbol id="sm-9b">
         <name>_scia_tx_lenth</name>
         <value>0xa803</value>
         <object_component_ref idref="oc-1d"/>
      </symbol>
      <symbol id="sm-9c">
         <name>_cmd_received</name>
         <value>0xa804</value>
         <object_component_ref idref="oc-1d"/>
      </symbol>
      <symbol id="sm-b6">
         <name>_Example_Fail</name>
         <value>0xa81e</value>
         <object_component_ref idref="oc-25"/>
      </symbol>
      <symbol id="sm-b7">
         <name>_Device_initGPIO</name>
         <value>0x8219d</value>
         <object_component_ref idref="oc-8e"/>
      </symbol>
      <symbol id="sm-b8">
         <name>___error__</name>
         <value>0x821ad</value>
         <object_component_ref idref="oc-8e"/>
      </symbol>
      <symbol id="sm-b9">
         <name>_Device_init</name>
         <value>0x82051</value>
         <object_component_ref idref="oc-8e"/>
      </symbol>
      <symbol id="sm-ba">
         <name>_Example_PassCount</name>
         <value>0xa81c</value>
         <object_component_ref idref="oc-25"/>
      </symbol>
      <symbol id="sm-bb">
         <name>_Device_enableAllPeripherals</name>
         <value>0x820c0</value>
         <object_component_ref idref="oc-8e"/>
      </symbol>
      <symbol id="sm-cb">
         <name>code_start</name>
         <value>0x80000</value>
         <object_component_ref idref="oc-11"/>
      </symbol>
      <symbol id="sm-109">
         <name>_Flash_initModule</name>
         <value>0x8000</value>
         <object_component_ref idref="oc-9f"/>
      </symbol>
      <symbol id="sm-139">
         <name>_GPIO_setAnalogMode</name>
         <value>0x829d0</value>
         <object_component_ref idref="oc-a3"/>
      </symbol>
      <symbol id="sm-13a">
         <name>_GPIO_setMasterCore</name>
         <value>0x82a0b</value>
         <object_component_ref idref="oc-92"/>
      </symbol>
      <symbol id="sm-13b">
         <name>_GPIO_setPinConfig</name>
         <value>0x82a7b</value>
         <object_component_ref idref="oc-93"/>
      </symbol>
      <symbol id="sm-13c">
         <name>_GPIO_setDirectionMode</name>
         <value>0x82ae6</value>
         <object_component_ref idref="oc-94"/>
      </symbol>
      <symbol id="sm-13d">
         <name>_GPIO_setQualificationMode</name>
         <value>0x82a43</value>
         <object_component_ref idref="oc-96"/>
      </symbol>
      <symbol id="sm-13e">
         <name>_GPIO_setPadConfig</name>
         <value>0x827a1</value>
         <object_component_ref idref="oc-95"/>
      </symbol>
      <symbol id="sm-16f">
         <name>_Interrupt_enable</name>
         <value>0x82ab2</value>
         <object_component_ref idref="oc-9a"/>
      </symbol>
      <symbol id="sm-170">
         <name>_Interrupt_initVectorTable</name>
         <value>0x82bf5</value>
         <object_component_ref idref="oc-98"/>
      </symbol>
      <symbol id="sm-171">
         <name>_Interrupt_initModule</name>
         <value>0x82993</value>
         <object_component_ref idref="oc-97"/>
      </symbol>
      <symbol id="sm-1c5">
         <name>_SCI_enableInterrupt</name>
         <value>0x828d0</value>
         <object_component_ref idref="oc-83"/>
      </symbol>
      <symbol id="sm-1c6">
         <name>_SCI_clearInterruptStatus</name>
         <value>0x82844</value>
         <object_component_ref idref="oc-85"/>
      </symbol>
      <symbol id="sm-1c7">
         <name>_SCI_setConfig</name>
         <value>0x82955</value>
         <object_component_ref idref="oc-99"/>
      </symbol>
      <symbol id="sm-1c8">
         <name>_SCI_disableInterrupt</name>
         <value>0x8288a</value>
         <object_component_ref idref="oc-80"/>
      </symbol>
      <symbol id="sm-1c9">
         <name>_SCI_writeCharArray</name>
         <value>0x82914</value>
         <object_component_ref idref="oc-81"/>
      </symbol>
      <symbol id="sm-269">
         <name>_SysCtl_selectXTALSingleEnded</name>
         <value>0x82ca3</value>
         <object_component_ref idref="oc-bd"/>
      </symbol>
      <symbol id="sm-26a">
         <name>_SysCtl_selectXTAL</name>
         <value>0x82b8b</value>
         <object_component_ref idref="oc-bc"/>
      </symbol>
      <symbol id="sm-26b">
         <name>_SysCtl_delay</name>
         <value>0x8132</value>
         <object_component_ref idref="oc-49"/>
      </symbol>
      <symbol id="sm-26c">
         <name>_SysCtl_selectOscSource</name>
         <value>0x826f0</value>
         <object_component_ref idref="oc-b9"/>
      </symbol>
      <symbol id="sm-26d">
         <name>_SysCtl_isPLLValid</name>
         <value>0x8241a</value>
         <object_component_ref idref="oc-ba"/>
      </symbol>
      <symbol id="sm-26e">
         <name>_SysCtl_setClock</name>
         <value>0x82364</value>
         <object_component_ref idref="oc-a0"/>
      </symbol>
      <symbol id="sm-26f">
         <name>_SysCtl_getLowSpeedClock</name>
         <value>0x82c89</value>
         <object_component_ref idref="oc-a2"/>
      </symbol>
      <symbol id="sm-270">
         <name>_SysCtl_getClock</name>
         <value>0x827f3</value>
         <object_component_ref idref="oc-a1"/>
      </symbol>
      <symbol id="sm-28b">
         <name>_c_int00</name>
         <value>0x8274b</value>
         <object_component_ref idref="oc-4f"/>
      </symbol>
      <symbol id="sm-28c">
         <name>__stack</name>
         <value>0x400</value>
         <object_component_ref idref="oc-50"/>
      </symbol>
      <symbol id="sm-29d">
         <name>FS$$DIV</name>
         <value>0x825ee</value>
         <object_component_ref idref="oc-56"/>
      </symbol>
      <symbol id="sm-2ac">
         <name>_copy_in</name>
         <value>0x82baf</value>
         <object_component_ref idref="oc-89"/>
      </symbol>
      <symbol id="sm-2bd">
         <name>_memcpy</name>
         <value>0x82c51</value>
         <object_component_ref idref="oc-9c"/>
      </symbol>
      <symbol id="sm-2c9">
         <name>__system_pre_init</name>
         <value>0x82e97</value>
         <object_component_ref idref="oc-88"/>
      </symbol>
      <symbol id="sm-2d6">
         <name>__system_post_cinit</name>
         <value>0x82e99</value>
         <object_component_ref idref="oc-8a"/>
      </symbol>
      <symbol id="sm-2ea">
         <name>C$$EXIT</name>
         <value>0x82b17</value>
         <object_component_ref idref="oc-8c"/>
      </symbol>
      <symbol id="sm-2eb">
         <name>_exit</name>
         <value>0x82b19</value>
         <object_component_ref idref="oc-8c"/>
      </symbol>
      <symbol id="sm-2ec">
         <name>___TI_cleanup_ptr</name>
         <value>0xa818</value>
         <object_component_ref idref="oc-71"/>
      </symbol>
      <symbol id="sm-2ed">
         <name>___TI_enable_exit_profile_output</name>
         <value>0xa816</value>
         <object_component_ref idref="oc-71"/>
      </symbol>
      <symbol id="sm-2ee">
         <name>_abort</name>
         <value>0x82b17</value>
         <object_component_ref idref="oc-8c"/>
      </symbol>
      <symbol id="sm-2ef">
         <name>___TI_dtors_ptr</name>
         <value>0xa81a</value>
         <object_component_ref idref="oc-71"/>
      </symbol>
      <symbol id="sm-303">
         <name>__unlock</name>
         <value>0xa826</value>
         <object_component_ref idref="oc-bb"/>
      </symbol>
      <symbol id="sm-304">
         <name>__lock</name>
         <value>0xa824</value>
         <object_component_ref idref="oc-9d"/>
      </symbol>
      <symbol id="sm-305">
         <name>__register_lock</name>
         <value>0x82e7f</value>
         <object_component_ref idref="oc-ac"/>
      </symbol>
      <symbol id="sm-306">
         <name>__nop</name>
         <value>0x82e83</value>
         <object_component_ref idref="oc-ac"/>
      </symbol>
      <symbol id="sm-307">
         <name>__register_unlock</name>
         <value>0x82e7b</value>
         <object_component_ref idref="oc-ac"/>
      </symbol>
      <symbol id="sm-316">
         <name>__args_main</name>
         <value>0x82e06</value>
         <object_component_ref idref="oc-8b"/>
      </symbol>
   </symbol_table>
   <title>Link successful</title>
</link_info>
