******************************************************************************
             TMS320C2000 Linker PC v20.2.1                     
******************************************************************************
>> Linked Thu Nov 25 15:42:12 2021

OUTPUT FILE NAME:   <sci_ex3_interrupts_fifo.out>
ENTRY POINT SYMBOL: "code_start"  address: 00080000


MEMORY CONFIGURATION

         name            origin    length      used     unused   attr    fill
----------------------  --------  ---------  --------  --------  ----  --------
PAGE 0:
  RAMM0                 000000f4   0000030c  00000000  0000030c  RWIX
  RAMLS0                00008000   00000800  00000136  000006ca  RWIX
  RAMLS1                00008800   00000800  00000000  00000800  RWIX
  RAMLS2                00009000   00000800  00000000  00000800  RWIX
  RAMLS3                00009800   00000800  00000000  00000800  RWIX
  RAMLS4                0000a000   00000800  00000000  00000800  RWIX
  BEGIN                 00080000   00000002  00000002  00000000  RWIX
  FLASH_BANK0_SEC0      00080002   00000ffe  00000000  00000ffe  RWIX
  FLASH_BANK0_SEC1      00081000   00001000  0000017c  00000e84  RWIX
  FLASH_BANK0_SEC2      00082000   00001000  00000e9a  00000166  RWIX
  FLASH_BANK0_SEC3      00083000   00001000  00000000  00001000  RWIX
  FLASH_BANK0_SEC4      00084000   00001000  0000053f  00000ac1  RWIX
  FLASH_BANK0_SEC5      00085000   00001000  00000000  00001000  RWIX
  FLASH_BANK0_SEC6      00086000   00001000  00000000  00001000  RWIX
  FLASH_BANK0_SEC7      00087000   00001000  00000000  00001000  RWIX
  FLASH_BANK0_SEC8      00088000   00001000  00000000  00001000  RWIX
  FLASH_BANK0_SEC9      00089000   00001000  00000000  00001000  RWIX
  FLASH_BANK0_SEC10     0008a000   00001000  00000000  00001000  RWIX
  FLASH_BANK0_SEC11     0008b000   00001000  00000000  00001000  RWIX
  FLASH_BANK0_SEC12     0008c000   00001000  00000000  00001000  RWIX
  FLASH_BANK0_SEC13     0008d000   00001000  00000000  00001000  RWIX
  FLASH_BANK0_SEC14     0008e000   00001000  00000000  00001000  RWIX
  FLASH_BANK0_SEC15     0008f000   00001000  00000000  00001000  RWIX
  FLASH_BANK1_SEC0      00090000   00001000  00000000  00001000  RWIX
  FLASH_BANK1_SEC1      00091000   00001000  00000000  00001000  RWIX
  FLASH_BANK1_SEC2      00092000   00001000  00000000  00001000  RWIX
  FLASH_BANK1_SEC3      00093000   00001000  00000000  00001000  RWIX
  FLASH_BANK1_SEC4      00094000   00001000  00000000  00001000  RWIX
  FLASH_BANK1_SEC5      00095000   00001000  00000000  00001000  RWIX
  FLASH_BANK1_SEC6      00096000   00001000  00000000  00001000  RWIX
  FLASH_BANK1_SEC7      00097000   00001000  00000000  00001000  RWIX
  FLASH_BANK1_SEC8      00098000   00001000  00000000  00001000  RWIX
  FLASH_BANK1_SEC9      00099000   00001000  00000000  00001000  RWIX
  FLASH_BANK1_SEC10     0009a000   00001000  00000000  00001000  RWIX
  FLASH_BANK1_SEC11     0009b000   00001000  00000000  00001000  RWIX
  FLASH_BANK1_SEC12     0009c000   00001000  00000000  00001000  RWIX
  FLASH_BANK1_SEC13     0009d000   00001000  00000000  00001000  RWIX
  FLASH_BANK1_SEC14     0009e000   00001000  00000000  00001000  RWIX
  FLASH_BANK1_SEC15     0009f000   00000ff0  00000000  00000ff0  RWIX
  RESET                 003fffc0   00000002  00000000  00000002  RWIX

PAGE 1:
  BOOT_RSVD             00000002   000000f1  00000000  000000f1  RWIX
  RAMM1                 00000400   000003f8  00000100  000002f8  RWIX
  RAMLS5                0000a800   00000800  00000028  000007d8  RWIX
  RAMLS6                0000b000   00000800  00000000  00000800  RWIX
  RAMLS7                0000b800   00000800  00000000  00000800  RWIX
  RAMGS0                0000c000   00002000  00000000  00002000  RWIX
  RAMGS1                0000e000   00002000  00000000  00002000  RWIX
  RAMGS2                00010000   00002000  00000000  00002000  RWIX
  RAMGS3                00012000   00001ff8  00000000  00001ff8  RWIX


SECTION ALLOCATION MAP

 output                                  attributes/
section   page    origin      length       input sections
--------  ----  ----------  ----------   ----------------
codestart 
*          0    00080000    00000002     
                  00080000    00000002     f28004x_codestartbranch.obj (codestart)

.cinit     0    00081138    00000046     
                  00081138    0000001e     sci_utils.obj (.cinit)
                  00081156    0000000e     rts2800_fpu32.lib : exit.c.obj (.cinit)
                  00081164    0000000a     device.obj (.cinit)
                  0008116e    00000005     rts2800_fpu32.lib : _lock.c.obj (.cinit:__lock)
                  00081173    00000005                       : _lock.c.obj (.cinit:__unlock)
                  00081178    00000004     sci_ex3_interrupts_fifo.obj (.cinit)
                  0008117c    00000002     --HOLE-- [fill = 0]

.reset     0    003fffc0    00000002     DSECT
                  003fffc0    00000002     rts2800_fpu32.lib : boot28.asm.obj (.reset)

.stack     1    00000400    00000100     UNINITIALIZED
                  00000400    00000100     --HOLE--

.pinit     0    00081000    00000000     UNINITIALIZED

.ebss      1    0000a800    00000028     UNINITIALIZED
                  0000a800    0000000a     sci_utils.obj (.ebss)
                  0000a80a    00000006     sci_utils.obj (.ebss:_scia_rcv_buffer)
                  0000a810    00000006     sci_utils.obj (.ebss:_scia_send_buffer)
                  0000a816    00000006     rts2800_fpu32.lib : exit.c.obj (.ebss)
                  0000a81c    00000004     device.obj (.ebss)
                  0000a820    00000004     sci_ex3_interrupts_fifo.obj (.ebss)
                  0000a824    00000002     rts2800_fpu32.lib : _lock.c.obj (.ebss:__lock)
                  0000a826    00000002                       : _lock.c.obj (.ebss:__unlock)

.econst    0    00084000    0000053f     
                  00084000    000000f0     driverlib_coff.lib : flash.obj (.econst:.string)
                  000840f0    000000ef                        : gpio.obj (.econst:.string)
                  000841df    00000001     --HOLE-- [fill = 0]
                  000841e0    000000ef                        : sysctl.obj (.econst:.string)
                  000842cf    00000001     --HOLE-- [fill = 0]
                  000842d0    000000ec                        : sci.obj (.econst:.string)
                  000843bc    000000b0     sci_ex3_interrupts_fifo.obj (.econst:.string)
                  0008446c    0000007c     driverlib_coff.lib : interrupt.obj (.econst:.string)
                  000844e8    00000043     sci_utils.obj (.econst:.string)
                  0008452b    00000001     --HOLE-- [fill = 0]
                  0008452c    00000013     device.obj (.econst:.string)

.TI.ramfunc 
*          0    00081000    00000136     RUN ADDR = 00008000
                  00081000    00000044     driverlib_coff.lib : flash.obj (.TI.ramfunc:_Flash_initModule)
                  00081044    0000002d                        : flash.obj (.TI.ramfunc:_Flash_setBankPowerMode)
                  00081071    00000026                        : flash.obj (.TI.ramfunc:_Flash_setWaitstates)
                  00081097    0000001e                        : flash.obj (.TI.ramfunc:_Flash_setPumpPowerMode)
                  000810b5    0000001a                        : flash.obj (.TI.ramfunc:_Flash_disableCache)
                  000810cf    0000001a                        : flash.obj (.TI.ramfunc:_Flash_disablePrefetch)
                  000810e9    00000019                        : flash.obj (.TI.ramfunc:_Flash_enableCache)
                  00081102    00000019                        : flash.obj (.TI.ramfunc:_Flash_enablePrefetch)
                  0008111b    00000017                        : flash.obj (.TI.ramfunc:_Flash_enableECC)
                  00081132    00000004                        : sysctl.obj (.TI.ramfunc)

.text      0    00082000    00000e9a     
                  00082000    000001b4     device.obj (.text)
                  000821b4    000001b0     sci_ex3_interrupts_fifo.obj (.text)
                  00082364    000000b6     driverlib_coff.lib : sysctl.obj (.text:_SysCtl_setClock)
                  0008241a    000000b2                        : sysctl.obj (.text:_SysCtl_isPLLValid)
                  000824cc    00000093     sci_utils.obj (.text)
                  0008255f    0000008f     sci_ex3_interrupts_fifo.obj (.text:retain)
                  000825ee    00000088     rts2800_fpu32.lib : fs_div28.asm.obj (.text)
                  00082676    0000007a     driverlib_coff.lib : sysctl.obj (.text:_DCC_setCounterSeeds)
                  000826f0    0000005b                        : sysctl.obj (.text:_SysCtl_selectOscSource)
                  0008274b    00000056     rts2800_fpu32.lib : boot28.asm.obj (.text)
                  000827a1    00000052     driverlib_coff.lib : gpio.obj (.text:_GPIO_setPadConfig)
                  000827f3    00000051                        : sysctl.obj (.text:_SysCtl_getClock)
                  00082844    00000046                        : sci.obj (.text:_SCI_clearInterruptStatus)
                  0008288a    00000046                        : sci.obj (.text:_SCI_disableInterrupt)
                  000828d0    00000044                        : sci.obj (.text:_SCI_enableInterrupt)
                  00082914    00000041                        : sci.obj (.text:_SCI_writeCharArray)
                  00082955    0000003e                        : sci.obj (.text:_SCI_setConfig)
                  00082993    0000003d                        : interrupt.obj (.text:_Interrupt_initModule)
                  000829d0    0000003b                        : gpio.obj (.text:_GPIO_setAnalogMode)
                  00082a0b    00000038                        : gpio.obj (.text:_GPIO_setMasterCore)
                  00082a43    00000038                        : gpio.obj (.text:_GPIO_setQualificationMode)
                  00082a7b    00000037                        : gpio.obj (.text:_GPIO_setPinConfig)
                  00082ab2    00000034                        : interrupt.obj (.text:_Interrupt_enable)
                  00082ae6    00000031                        : gpio.obj (.text:_GPIO_setDirectionMode)
                  00082b17    00000029     rts2800_fpu32.lib : exit.c.obj (.text)
                  00082b40    00000026     driverlib_coff.lib : sysctl.obj (.text:_SysCtl_pollX1Counter)
                  00082b66    00000025                        : sysctl.obj (.text:_DCC_enableSingleShotMode)
                  00082b8b    00000024                        : sysctl.obj (.text:_SysCtl_selectXTAL)
                  00082baf    00000024     rts2800_fpu32.lib : cpy_tbl.c.obj (.text)
                  00082bd3    00000022     driverlib_coff.lib : sci.obj (.text:_SCI_isFIFOEnabled)
                  00082bf5    00000020                        : interrupt.obj (.text:_Interrupt_initVectorTable)
                  00082c15    0000001f                        : sysctl.obj (.text:_DCC_setCounter1ClkSource)
                  00082c34    0000001d                        : sysctl.obj (.text:_DCC_setCounter0ClkSource)
                  00082c51    0000001d     rts2800_fpu32.lib : memcpy.c.obj (.text)
                  00082c6e    0000001b     driverlib_coff.lib : sci.obj (.text:_SCI_isSpaceAvailableNonFIFO)
                  00082c89    0000001a                        : sysctl.obj (.text:_SysCtl_getLowSpeedClock)
                  00082ca3    0000001a                        : sysctl.obj (.text:_SysCtl_selectXTALSingleEnded)
                  00082cbd    00000019                        : sci.obj (.text:_SCI_disableModule)
                  00082cd6    00000019                        : sci.obj (.text:_SCI_performSoftwareReset)
                  00082cef    00000017                        : sysctl.obj (.text:_DCC_disableDoneSignal)
                  00082d06    00000017                        : sysctl.obj (.text:_DCC_enableDoneSignal)
                  00082d1d    00000017                        : sysctl.obj (.text:_SysCtl_enablePeripheral)
                  00082d34    00000016                        : sysctl.obj (.text:_DCC_clearDoneFlag)
                  00082d4a    00000016                        : sysctl.obj (.text:_DCC_clearErrorFlag)
                  00082d60    00000016                        : sysctl.obj (.text:_DCC_disableErrorSignal)
                  00082d76    00000016                        : sysctl.obj (.text:_DCC_enableErrorSignal)
                  00082d8c    00000015                        : sci.obj (.text:_SCI_getTxFIFOStatus)
                  00082da1    00000015                        : sci.obj (.text:_SCI_isBaseValid)
                  00082db6    00000014                        : sysctl.obj (.text:_DCC_disableModule)
                  00082dca    00000014                        : sysctl.obj (.text:_DCC_enableModule)
                  00082dde    00000014                        : gpio.obj (.text:_GPIO_isPinValid)
                  00082df2    00000014                        : sci.obj (.text:_SCI_enableModule)
                  00082e06    00000012     rts2800_fpu32.lib : args_main.c.obj (.text)
                  00082e18    00000010     driverlib_coff.lib : sysctl.obj (.text:_DCC_isBaseValid)
                  00082e28    00000010                        : flash.obj (.text:_Flash_isCtrlBaseValid)
                  00082e38    00000010                        : flash.obj (.text:_Flash_isECCBaseValid)
                  00082e48    0000000e                        : interrupt.obj (.text:_Interrupt_defaultHandler)
                  00082e56    0000000d                        : interrupt.obj (.text:_Interrupt_disableMaster)
                  00082e63    0000000d                        : interrupt.obj (.text:_Interrupt_enableMaster)
                  00082e70    0000000b                        : sysctl.obj (.text:_SysCtl_isMCDClockFailureDetected)
                  00082e7b    00000009     rts2800_fpu32.lib : _lock.c.obj (.text)
                  00082e84    00000008     f28004x_codestartbranch.obj (.text)
                  00082e8c    00000007     driverlib_coff.lib : sysctl.obj (.text:_SysCtl_resetMCD)
                  00082e93    00000002                        : interrupt.obj (.text:_Interrupt_illegalOperationHandler)
                  00082e95    00000002                        : interrupt.obj (.text:_Interrupt_nmiHandler)
                  00082e97    00000002     rts2800_fpu32.lib : pre_init.c.obj (.text)
                  00082e99    00000001                       : startup.c.obj (.text)

MODULE SUMMARY

       Module                        code   initialized data   uninitialized data
       ------                        ----   ----------------   ------------------
    .\
       sci_ex3_interrupts_fifo.obj   575    180                4                 
       sci_utils.obj                 147    97                 22                
    +--+-----------------------------+------+------------------+--------------------+
       Total:                        722    277                26                
                                                                                 
    .\device\
       device.obj                    436    29                 4                 
       f28004x_codestartbranch.obj   10     0                  0                 
    +--+-----------------------------+------+------------------+--------------------+
       Total:                        446    29                 4                 
                                                                                 
    D:\ccs\ccs1010\ccs\tools\compiler\ti-cgt-c2000_20.2.1.LTS\lib\rts2800_fpu32.lib
       fs_div28.asm.obj              136    0                  0                 
       boot28.asm.obj                86     0                  0                 
       exit.c.obj                    41     14                 6                 
       cpy_tbl.c.obj                 36     0                  0                 
       memcpy.c.obj                  29     0                  0                 
       _lock.c.obj                   9      10                 4                 
       args_main.c.obj               18     0                  0                 
       pre_init.c.obj                2      0                  0                 
       startup.c.obj                 1      0                  0                 
    +--+-----------------------------+------+------------------+--------------------+
       Total:                        358    24                 10                
                                                                                 
    D:\ti\c2000\C2000Ware_3_04_00_00\driverlib\f28004x\driverlib\ccs\Debug\driverlib_coff.lib
       sysctl.obj                    1116   239                0                 
       flash.obj                     644    240                0                 
       sci.obj                       508    236                0                 
       gpio.obj                      377    239                0                 
       interrupt.obj                 189    124                0                 
    +--+-----------------------------+------+------------------+--------------------+
       Total:                        2834   1078               0                 
                                                                                 
       Stack:                        0      0                  256               
    +--+-----------------------------+------+------------------+--------------------+
       Grand Total:                  4360   1408               296               


GLOBAL DATA SYMBOLS: SORTED BY DATA PAGE

address     data page           name
--------    ----------------    ----
00000400      10 (00000400)     __stack

0000a800     2a0 (0000a800)     _scia_tx_count
0000a801     2a0 (0000a800)     _scia_rx_count
0000a802     2a0 (0000a800)     _scia_rx_lenth
0000a803     2a0 (0000a800)     _scia_tx_lenth
0000a804     2a0 (0000a800)     _cmd_received
0000a806     2a0 (0000a800)     _scia_trans
0000a808     2a0 (0000a800)     _scia_recev
0000a80a     2a0 (0000a800)     _scia_rcv_buffer
0000a810     2a0 (0000a800)     _scia_send_buffer
0000a816     2a0 (0000a800)     ___TI_enable_exit_profile_output
0000a818     2a0 (0000a800)     ___TI_cleanup_ptr
0000a81a     2a0 (0000a800)     ___TI_dtors_ptr
0000a81c     2a0 (0000a800)     _Example_PassCount
0000a81e     2a0 (0000a800)     _Example_Fail
0000a820     2a0 (0000a800)     _counter
0000a822     2a0 (0000a800)     _msg
0000a824     2a0 (0000a800)     __lock
0000a826     2a0 (0000a800)     __unlock


GLOBAL SYMBOLS: SORTED ALPHABETICALLY BY Name 

page  address   name                            
----  -------   ----                            
abs   ffffffff  .text                           
0     00082b17  C$$EXIT                         
0     000825ee  FS$$DIV                         
0     000820c0  _Device_enableAllPeripherals    
0     00082051  _Device_init                    
0     0008219d  _Device_initGPIO                
1     0000a81e  _Example_Fail                   
1     0000a81c  _Example_PassCount              
0     00008000  _Flash_initModule               
0     000829d0  _GPIO_setAnalogMode             
0     00082ae6  _GPIO_setDirectionMode          
0     00082a0b  _GPIO_setMasterCore             
0     000827a1  _GPIO_setPadConfig              
0     00082a7b  _GPIO_setPinConfig              
0     00082a43  _GPIO_setQualificationMode      
0     00082ab2  _Interrupt_enable               
0     00082993  _Interrupt_initModule           
0     00082bf5  _Interrupt_initVectorTable      
0     00081136  _RamfuncsLoadEnd                
abs   00000136  _RamfuncsLoadSize               
0     00081000  _RamfuncsLoadStart              
0     00008136  _RamfuncsRunEnd                 
abs   00000136  _RamfuncsRunSize                
0     00008000  _RamfuncsRunStart               
0     000825a3  _SCIARxISR                      
0     0008255f  _SCIATxISR                      
0     00082844  _SCI_clearInterruptStatus       
0     0008288a  _SCI_disableInterrupt           
0     000828d0  _SCI_enableInterrupt            
0     00082510  _SCI_readstring                 
0     00082955  _SCI_setConfig                  
0     00082914  _SCI_writeCharArray             
0     00008132  _SysCtl_delay                   
0     000827f3  _SysCtl_getClock                
0     00082c89  _SysCtl_getLowSpeedClock        
0     0008241a  _SysCtl_isPLLValid              
0     000826f0  _SysCtl_selectOscSource         
0     00082b8b  _SysCtl_selectXTAL              
0     00082ca3  _SysCtl_selectXTALSingleEnded   
0     00082364  _SysCtl_setClock                
1     00000500  __STACK_END                     
abs   00000100  __STACK_SIZE                    
1     0000a818  ___TI_cleanup_ptr               
1     0000a81a  ___TI_dtors_ptr                 
1     0000a816  ___TI_enable_exit_profile_output
abs   ffffffff  ___TI_pprof_out_hndl            
abs   ffffffff  ___TI_prof_data_size            
abs   ffffffff  ___TI_prof_data_start           
abs   ffffffff  ___binit__                      
abs   ffffffff  ___c_args__                     
0     00081138  ___cinit__                      
0     000821ad  ___error__                      
abs   ffffffff  ___etext__                      
abs   ffffffff  ___pinit__                      
abs   ffffffff  ___text__                       
0     00082e06  __args_main                     
1     0000a824  __lock                          
0     00082e83  __nop                           
0     00082e7f  __register_lock                 
0     00082e7b  __register_unlock               
1     00000400  __stack                         
0     00082e99  __system_post_cinit             
0     00082e97  __system_pre_init               
1     0000a826  __unlock                        
0     00082b17  _abort                          
0     0008274b  _c_int00                        
1     0000a804  _cmd_received                   
0     00082baf  _copy_in                        
1     0000a820  _counter                        
0     00082b19  _exit                           
0     000822ae  _main                           
0     00082c51  _memcpy                         
1     0000a822  _msg                            
1     0000a80a  _scia_rcv_buffer                
1     0000a808  _scia_recev                     
1     0000a801  _scia_rx_count                  
1     0000a802  _scia_rx_lenth                  
1     0000a810  _scia_send_buffer               
1     0000a806  _scia_trans                     
1     0000a800  _scia_tx_count                  
1     0000a803  _scia_tx_lenth                  
abs   ffffffff  binit                           
0     00081138  cinit                           
0     00080000  code_start                      
abs   ffffffff  etext                           
abs   ffffffff  pinit                           


GLOBAL SYMBOLS: SORTED BY Symbol Address 

page  address   name                            
----  -------   ----                            
0     00008000  _Flash_initModule               
0     00008000  _RamfuncsRunStart               
0     00008132  _SysCtl_delay                   
0     00008136  _RamfuncsRunEnd                 
0     00080000  code_start                      
0     00081000  _RamfuncsLoadStart              
0     00081136  _RamfuncsLoadEnd                
0     00081138  ___cinit__                      
0     00081138  cinit                           
0     00082051  _Device_init                    
0     000820c0  _Device_enableAllPeripherals    
0     0008219d  _Device_initGPIO                
0     000821ad  ___error__                      
0     000822ae  _main                           
0     00082364  _SysCtl_setClock                
0     0008241a  _SysCtl_isPLLValid              
0     00082510  _SCI_readstring                 
0     0008255f  _SCIATxISR                      
0     000825a3  _SCIARxISR                      
0     000825ee  FS$$DIV                         
0     000826f0  _SysCtl_selectOscSource         
0     0008274b  _c_int00                        
0     000827a1  _GPIO_setPadConfig              
0     000827f3  _SysCtl_getClock                
0     00082844  _SCI_clearInterruptStatus       
0     0008288a  _SCI_disableInterrupt           
0     000828d0  _SCI_enableInterrupt            
0     00082914  _SCI_writeCharArray             
0     00082955  _SCI_setConfig                  
0     00082993  _Interrupt_initModule           
0     000829d0  _GPIO_setAnalogMode             
0     00082a0b  _GPIO_setMasterCore             
0     00082a43  _GPIO_setQualificationMode      
0     00082a7b  _GPIO_setPinConfig              
0     00082ab2  _Interrupt_enable               
0     00082ae6  _GPIO_setDirectionMode          
0     00082b17  C$$EXIT                         
0     00082b17  _abort                          
0     00082b19  _exit                           
0     00082b8b  _SysCtl_selectXTAL              
0     00082baf  _copy_in                        
0     00082bf5  _Interrupt_initVectorTable      
0     00082c51  _memcpy                         
0     00082c89  _SysCtl_getLowSpeedClock        
0     00082ca3  _SysCtl_selectXTALSingleEnded   
0     00082e06  __args_main                     
0     00082e7b  __register_unlock               
0     00082e7f  __register_lock                 
0     00082e83  __nop                           
0     00082e97  __system_pre_init               
0     00082e99  __system_post_cinit             
1     00000400  __stack                         
1     00000500  __STACK_END                     
1     0000a800  _scia_tx_count                  
1     0000a801  _scia_rx_count                  
1     0000a802  _scia_rx_lenth                  
1     0000a803  _scia_tx_lenth                  
1     0000a804  _cmd_received                   
1     0000a806  _scia_trans                     
1     0000a808  _scia_recev                     
1     0000a80a  _scia_rcv_buffer                
1     0000a810  _scia_send_buffer               
1     0000a816  ___TI_enable_exit_profile_output
1     0000a818  ___TI_cleanup_ptr               
1     0000a81a  ___TI_dtors_ptr                 
1     0000a81c  _Example_PassCount              
1     0000a81e  _Example_Fail                   
1     0000a820  _counter                        
1     0000a822  _msg                            
1     0000a824  __lock                          
1     0000a826  __unlock                        
abs   00000100  __STACK_SIZE                    
abs   00000136  _RamfuncsLoadSize               
abs   00000136  _RamfuncsRunSize                
abs   ffffffff  .text                           
abs   ffffffff  ___TI_pprof_out_hndl            
abs   ffffffff  ___TI_prof_data_size            
abs   ffffffff  ___TI_prof_data_start           
abs   ffffffff  ___binit__                      
abs   ffffffff  ___c_args__                     
abs   ffffffff  ___etext__                      
abs   ffffffff  ___pinit__                      
abs   ffffffff  ___text__                       
abs   ffffffff  binit                           
abs   ffffffff  etext                           
abs   ffffffff  pinit                           

[86 symbols]
