******************************************************************************
             TMS320C2000 Linker PC v20.2.1                     
******************************************************************************
>> Linked Fri Nov 26 13:35:05 2021

OUTPUT FILE NAME:   <sci_ex3_interrupts_fifo.out>
ENTRY POINT SYMBOL: "code_start"  address: 00080000


MEMORY CONFIGURATION

         name            origin    length      used     unused   attr    fill
----------------------  --------  ---------  --------  --------  ----  --------
PAGE 0:
  RAMM0                 000000f4   0000030c  00000000  0000030c  RWIX
  RAMLS0                00008000   00000800  0000016c  00000694  RWIX
  RAMLS1                00008800   00000800  00000000  00000800  RWIX
  RAMLS2                00009000   00000800  00000000  00000800  RWIX
  RAMLS3                00009800   00000800  00000000  00000800  RWIX
  RAMLS4                0000a000   00000800  00000000  00000800  RWIX
  BEGIN                 00080000   00000002  00000002  00000000  RWIX
  FLASH_BANK0_SEC0      00080002   00000ffe  00000000  00000ffe  RWIX
  FLASH_BANK0_SEC1      00081000   00001000  000001ca  00000e36  RWIX
  FLASH_BANK0_SEC2      00082000   00001000  00000ffe  00000002  RWIX
  FLASH_BANK0_SEC3      00083000   00001000  0000021a  00000de6  RWIX
  FLASH_BANK0_SEC4      00084000   00001000  000004bf  00000b41  RWIX
  FLASH_BANK0_SEC5      00085000   00001000  00000000  00001000  RWIX
  FLASH_BANK0_SEC6      00086000   00001000  00000000  00001000  RWIX
  FLASH_BANK0_SEC7      00087000   00001000  00000000  00001000  RWIX
  FLASH_BANK0_SEC8      00088000   00001000  00000000  00001000  RWIX
  FLASH_BANK0_SEC9      00089000   00001000  00000000  00001000  RWIX
  FLASH_BANK0_SEC10     0008a000   00001000  00000000  00001000  RWIX
  FLASH_BANK0_SEC11     0008b000   00001000  00000000  00001000  RWIX
  FLASH_BANK0_SEC12     0008c000   00001000  00000000  00001000  RWIX
  FLASH_BANK0_SEC13     0008d000   00001000  00000000  00001000  RWIX
  FLASH_BANK0_SEC14     0008e000   00001000  00000000  00001000  RWIX
  FLASH_BANK0_SEC15     0008f000   00001000  00000000  00001000  RWIX
  FLASH_BANK1_SEC0      00090000   00001000  00000000  00001000  RWIX
  FLASH_BANK1_SEC1      00091000   00001000  00000000  00001000  RWIX
  FLASH_BANK1_SEC2      00092000   00001000  00000000  00001000  RWIX
  FLASH_BANK1_SEC3      00093000   00001000  00000000  00001000  RWIX
  FLASH_BANK1_SEC4      00094000   00001000  00000000  00001000  RWIX
  FLASH_BANK1_SEC5      00095000   00001000  00000000  00001000  RWIX
  FLASH_BANK1_SEC6      00096000   00001000  00000000  00001000  RWIX
  FLASH_BANK1_SEC7      00097000   00001000  00000000  00001000  RWIX
  FLASH_BANK1_SEC8      00098000   00001000  00000000  00001000  RWIX
  FLASH_BANK1_SEC9      00099000   00001000  00000000  00001000  RWIX
  FLASH_BANK1_SEC10     0009a000   00001000  00000000  00001000  RWIX
  FLASH_BANK1_SEC11     0009b000   00001000  00000000  00001000  RWIX
  FLASH_BANK1_SEC12     0009c000   00001000  00000000  00001000  RWIX
  FLASH_BANK1_SEC13     0009d000   00001000  00000000  00001000  RWIX
  FLASH_BANK1_SEC14     0009e000   00001000  00000000  00001000  RWIX
  FLASH_BANK1_SEC15     0009f000   00000ff0  00000000  00000ff0  RWIX
  RESET                 003fffc0   00000002  00000000  00000002  RWIX

PAGE 1:
  BOOT_RSVD             00000002   000000f1  00000000  000000f1  RWIX
  RAMM1                 00000400   000003f8  00000100  000002f8  RWIX
  RAMLS5                0000a800   00000800  0000002e  000007d2  RWIX
  RAMLS6                0000b000   00000800  00000000  00000800  RWIX
  RAMLS7                0000b800   00000800  00000000  00000800  RWIX
  RAMGS0                0000c000   00002000  00000000  00002000  RWIX
  RAMGS1                0000e000   00002000  00000000  00002000  RWIX
  RAMGS2                00010000   00002000  00000000  00002000  RWIX
  RAMGS3                00012000   00001ff8  00000000  00001ff8  RWIX


SECTION ALLOCATION MAP

 output                                  attributes/
section   page    origin      length       input sections
--------  ----  ----------  ----------   ----------------
codestart 
*          0    00080000    00000002     
                  00080000    00000002     f28004x_codestartbranch.obj (codestart)

.cinit     0    0008116c    0000005e     
                  0008116c    00000036     sci_utils.obj (.cinit)
                  000811a2    0000000e     rts2800_fpu32.lib : exit.c.obj (.cinit)
                  000811b0    0000000a     device.obj (.cinit)
                  000811ba    00000005     rts2800_fpu32.lib : _lock.c.obj (.cinit:__lock)
                  000811bf    00000005                       : _lock.c.obj (.cinit:__unlock)
                  000811c4    00000004     sci_ex3_interrupts_fifo.obj (.cinit)
                  000811c8    00000002     --HOLE-- [fill = 0]

.reset     0    003fffc0    00000002     DSECT
                  003fffc0    00000002     rts2800_fpu32.lib : boot28.asm.obj (.reset)

.stack     1    00000400    00000100     UNINITIALIZED
                  00000400    00000100     --HOLE--

.pinit     0    00081000    00000000     UNINITIALIZED

.ebss      1    0000a800    0000002e     UNINITIALIZED
                  0000a800    00000010     sci_utils.obj (.ebss)
                  0000a810    00000006     sci_utils.obj (.ebss:_sci_rcv_buffer)
                  0000a816    00000006     sci_utils.obj (.ebss:_sci_send_buffer)
                  0000a81c    00000006     rts2800_fpu32.lib : exit.c.obj (.ebss)
                  0000a822    00000004     device.obj (.ebss)
                  0000a826    00000004     sci_ex3_interrupts_fifo.obj (.ebss)
                  0000a82a    00000002     rts2800_fpu32.lib : _lock.c.obj (.ebss:__lock)
                  0000a82c    00000002                       : _lock.c.obj (.ebss:__unlock)

.econst    0    00084000    000004bf     
                  00084000    000000ac     sci_ex3_interrupts_fifo.obj (.econst:.string)
                  000840ac    00000043     sci_utils.obj (.econst:.string)
                  000840ef    00000001     --HOLE-- [fill = 0]
                  000840f0    00000038     flash.obj (.econst:.string)
                  00084128    00000037     epwm.obj (.econst:.string)
                  0008415f    00000001     --HOLE-- [fill = 0]
                  00084160    00000037     erad.obj (.econst:.string)
                  00084197    00000001     --HOLE-- [fill = 0]
                  00084198    00000037     gpio.obj (.econst:.string)
                  000841cf    00000001     --HOLE-- [fill = 0]
                  000841d0    00000037     sysctl.obj (.econst:.string)
                  00084207    00000001     --HOLE-- [fill = 0]
                  00084208    00000034     can.obj (.econst:.string)
                  0008423c    00000034     clb.obj (.econst:.string)
                  00084270    00000034     dcc.obj (.econst:.string)
                  000842a4    00000034     fsi.obj (.econst:.string)
                  000842d8    00000034     lin.obj (.econst:.string)
                  0008430c    00000034     sci.obj (.econst:.string)
                  00084340    00000020     interrupt.obj (.econst:.string)
                  00084360    0000001f     cputimer.obj (.econst:.string)
                  0008437f    00000001     --HOLE-- [fill = 0]
                  00084380    0000001d     memcfg.obj (.econst:.string)
                  0008439d    00000001     --HOLE-- [fill = 0]
                  0008439e    0000001c     cmpss.obj (.econst:.string)
                  000843ba    0000001c     pmbus.obj (.econst:.string)
                  000843d6    0000001b     ecap.obj (.econst:.string)
                  000843f1    00000001     --HOLE-- [fill = 0]
                  000843f2    0000001b     eqep.obj (.econst:.string)
                  0008440d    00000001     --HOLE-- [fill = 0]
                  0008440e    0000001b     sdfm.obj (.econst:.string)
                  00084429    00000001     --HOLE-- [fill = 0]
                  0008442a    0000001a     adc.obj (.econst:.string)
                  00084444    0000001a     dac.obj (.econst:.string)
                  0008445e    0000001a     dma.obj (.econst:.string)
                  00084478    0000001a     i2c.obj (.econst:.string)
                  00084492    0000001a     spi.obj (.econst:.string)
                  000844ac    00000013     device.obj (.econst:.string)

.TI.ramfunc 
*          0    00081000    0000016c     RUN ADDR = 00008000
                  00081000    00000168     flash.obj (.TI.ramfunc)
                  00081168    00000004     sysctl.obj (.TI.ramfunc)

.text.1    0    00082000    00000ffe     
                  00082000    000004af     sysctl.obj (.text)
                  000824af    000002db     sci.obj (.text)
                  0008278a    00000295     gpio.obj (.text)
                  00082a1f    000001b4     device.obj (.text)
                  00082bd3    000001b0     sci_ex3_interrupts_fifo.obj (.text)
                  00082d83    0000018d     interrupt.obj (.text)
                  00082f10    000000eb     sci_utils.obj (.text)
                  00082ffb    00000002     rts2800_fpu32.lib : pre_init.c.obj (.text)
                  00082ffd    00000001                       : startup.c.obj (.text)

.text.2    0    00083000    0000021a     
                  00083000    0000008f     sci_ex3_interrupts_fifo.obj (.text:retain)
                  0008308f    00000088     rts2800_fpu32.lib : fs_div28.asm.obj (.text)
                  00083117    00000056                       : boot28.asm.obj (.text)
                  0008316d    00000029                       : exit.c.obj (.text)
                  00083196    00000024                       : cpy_tbl.c.obj (.text)
                  000831ba    00000020     flash.obj (.text)
                  000831da    0000001d     rts2800_fpu32.lib : memcpy.c.obj (.text)
                  000831f7    00000012                       : args_main.c.obj (.text)
                  00083209    00000009                       : _lock.c.obj (.text)
                  00083212    00000008     f28004x_codestartbranch.obj (.text)

MODULE SUMMARY

       Module                        code   initialized data   uninitialized data
       ------                        ----   ----------------   ------------------
    .\
       sci_ex3_interrupts_fifo.obj   575    176                4                 
       sci_utils.obj                 235    121                28                
    +--+-----------------------------+------+------------------+--------------------+
       Total:                        810    297                32                
                                                                                 
    .\device\
       device.obj                    436    29                 4                 
       f28004x_codestartbranch.obj   10     0                  0                 
    +--+-----------------------------+------+------------------+--------------------+
       Total:                        446    29                 4                 
                                                                                 
    .\device\driverlib\
       sysctl.obj                    1207   55                 0                 
       flash.obj                     752    56                 0                 
       sci.obj                       731    52                 0                 
       gpio.obj                      661    55                 0                 
       interrupt.obj                 397    32                 0                 
       epwm.obj                      0      55                 0                 
       erad.obj                      0      55                 0                 
       can.obj                       0      52                 0                 
       clb.obj                       0      52                 0                 
       dcc.obj                       0      52                 0                 
       fsi.obj                       0      52                 0                 
       lin.obj                       0      52                 0                 
       cputimer.obj                  0      31                 0                 
       memcfg.obj                    0      29                 0                 
       cmpss.obj                     0      28                 0                 
       pmbus.obj                     0      28                 0                 
       ecap.obj                      0      27                 0                 
       eqep.obj                      0      27                 0                 
       sdfm.obj                      0      27                 0                 
       adc.obj                       0      26                 0                 
       dac.obj                       0      26                 0                 
       dma.obj                       0      26                 0                 
       i2c.obj                       0      26                 0                 
       spi.obj                       0      26                 0                 
    +--+-----------------------------+------+------------------+--------------------+
       Total:                        3748   947                0                 
                                                                                 
    D:\ccs\ccs1010\ccs\tools\compiler\ti-cgt-c2000_20.2.1.LTS\lib\rts2800_fpu32.lib
       fs_div28.asm.obj              136    0                  0                 
       boot28.asm.obj                86     0                  0                 
       exit.c.obj                    41     14                 6                 
       cpy_tbl.c.obj                 36     0                  0                 
       memcpy.c.obj                  29     0                  0                 
       _lock.c.obj                   9      10                 4                 
       args_main.c.obj               18     0                  0                 
       pre_init.c.obj                2      0                  0                 
       startup.c.obj                 1      0                  0                 
    +--+-----------------------------+------+------------------+--------------------+
       Total:                        358    24                 10                
                                                                                 
       Stack:                        0      0                  256               
    +--+-----------------------------+------+------------------+--------------------+
       Grand Total:                  5362   1297               302               


GLOBAL DATA SYMBOLS: SORTED BY DATA PAGE

address     data page           name
--------    ----------------    ----
00000400      10 (00000400)     __stack

0000a800     2a0 (0000a800)     _sci_tx_count
0000a801     2a0 (0000a800)     _sci_rx_count
0000a802     2a0 (0000a800)     _sci_rx_lenth
0000a803     2a0 (0000a800)     _sci_tx_lenth
0000a804     2a0 (0000a800)     _crc_data_cal
0000a805     2a0 (0000a800)     _rcv_begin_flag
0000a806     2a0 (0000a800)     _rcv_crc_right_cnt
0000a807     2a0 (0000a800)     _rcv_right_flag
0000a808     2a0 (0000a800)     _rcv_crc_err_cnt
0000a809     2a0 (0000a800)     _rcv_state
0000a80a     2a0 (0000a800)     _cmd_received
0000a80c     2a0 (0000a800)     _sci_trans
0000a80e     2a0 (0000a800)     _sci_recev
0000a810     2a0 (0000a800)     _sci_rcv_buffer
0000a816     2a0 (0000a800)     _sci_send_buffer
0000a81c     2a0 (0000a800)     ___TI_enable_exit_profile_output
0000a81e     2a0 (0000a800)     ___TI_cleanup_ptr
0000a820     2a0 (0000a800)     ___TI_dtors_ptr
0000a822     2a0 (0000a800)     _Example_PassCount
0000a824     2a0 (0000a800)     _Example_Fail
0000a826     2a0 (0000a800)     _counter
0000a828     2a0 (0000a800)     _msg
0000a82a     2a0 (0000a800)     __lock
0000a82c     2a0 (0000a800)     __unlock


GLOBAL SYMBOLS: SORTED ALPHABETICALLY BY Name 

page  address   name                            
----  -------   ----                            
abs   ffffffff  .text                           
0     0008316d  C$$EXIT                         
0     0008308f  FS$$DIV                         
0     00082adf  _Device_enableAllPeripherals    
0     00082a70  _Device_init                    
0     00082bbc  _Device_initGPIO                
1     0000a824  _Example_Fail                   
1     0000a822  _Example_PassCount              
0     000080ee  _Flash_initModule               
0     00008132  _Flash_powerDown                
0     0000814d  _Flash_wakeFromLPM              
0     000827f0  _GPIO_getDirectionMode          
0     00082896  _GPIO_getPadConfig              
0     0008290c  _GPIO_getQualificationMode      
0     000829ad  _GPIO_setAnalogMode             
0     000827bf  _GPIO_setDirectionMode          
0     00082810  _GPIO_setInterruptPin           
0     00082975  _GPIO_setMasterCore             
0     00082844  _GPIO_setPadConfig              
0     000829e8  _GPIO_setPinConfig              
0     000828d4  _GPIO_setQualificationMode      
0     00082939  _GPIO_setQualificationPeriod    
0     00082ec5  _Interrupt_disable              
0     00082e91  _Interrupt_enable               
0     00082e34  _Interrupt_initModule           
0     00082e71  _Interrupt_initVectorTable      
0     0008116c  _RamfuncsLoadEnd                
abs   0000016c  _RamfuncsLoadSize               
0     00081000  _RamfuncsLoadStart              
0     0000816c  _RamfuncsRunEnd                 
abs   0000016c  _RamfuncsRunSize                
0     00008000  _RamfuncsRunStart               
0     00083044  _SCIARxISR                      
0     00083000  _SCIATxISR                      
0     0008271f  _SCI_clearInterruptStatus       
0     0008268a  _SCI_disableInterrupt           
0     00082646  _SCI_enableInterrupt            
0     000826d0  _SCI_getInterruptStatus         
0     0008260b  _SCI_readCharArray              
0     00082fa3  _SCI_receive_frame              
0     00082f54  _SCI_receive_string             
0     00082765  _SCI_setBaud                    
0     0008258c  _SCI_setConfig                  
0     000825ca  _SCI_writeCharArray             
0     00008168  _SysCtl_delay                   
0     000821e8  _SysCtl_getClock                
0     000823a2  _SysCtl_getDeviceParametric     
0     00082388  _SysCtl_getLowSpeedClock        
0     000823fd  _SysCtl_isPLLValid              
0     0008232d  _SysCtl_selectOscSource         
0     000822ef  _SysCtl_selectXTAL              
0     00082313  _SysCtl_selectXTALSingleEnded   
0     00082239  _SysCtl_setClock                
1     00000500  __STACK_END                     
abs   00000100  __STACK_SIZE                    
1     0000a81e  ___TI_cleanup_ptr               
1     0000a820  ___TI_dtors_ptr                 
1     0000a81c  ___TI_enable_exit_profile_output
abs   ffffffff  ___TI_pprof_out_hndl            
abs   ffffffff  ___TI_prof_data_size            
abs   ffffffff  ___TI_prof_data_start           
abs   ffffffff  ___binit__                      
abs   ffffffff  ___c_args__                     
0     0008116c  ___cinit__                      
0     00082bcc  ___error__                      
abs   ffffffff  ___etext__                      
abs   ffffffff  ___pinit__                      
abs   ffffffff  ___text__                       
0     000831f7  __args_main                     
1     0000a82a  __lock                          
0     00083211  __nop                           
0     0008320d  __register_lock                 
0     00083209  __register_unlock               
1     00000400  __stack                         
0     00082ffd  __system_post_cinit             
0     00082ffb  __system_pre_init               
1     0000a82c  __unlock                        
0     0008316d  _abort                          
0     00083117  _c_int00                        
1     0000a80a  _cmd_received                   
0     00083196  _copy_in                        
1     0000a826  _counter                        
1     0000a804  _crc_data_cal                   
0     0008316f  _exit                           
0     00082ccd  _main                           
0     000831da  _memcpy                         
1     0000a828  _msg                            
1     0000a805  _rcv_begin_flag                 
1     0000a808  _rcv_crc_err_cnt                
1     0000a806  _rcv_crc_right_cnt              
1     0000a807  _rcv_right_flag                 
1     0000a809  _rcv_state                      
1     0000a810  _sci_rcv_buffer                 
1     0000a80e  _sci_recev                      
1     0000a801  _sci_rx_count                   
1     0000a802  _sci_rx_lenth                   
1     0000a816  _sci_send_buffer                
1     0000a80c  _sci_trans                      
1     0000a800  _sci_tx_count                   
1     0000a803  _sci_tx_lenth                   
abs   ffffffff  binit                           
0     0008116c  cinit                           
0     00080000  code_start                      
abs   ffffffff  etext                           
abs   ffffffff  pinit                           


GLOBAL SYMBOLS: SORTED BY Symbol Address 

page  address   name                            
----  -------   ----                            
0     00008000  _RamfuncsRunStart               
0     000080ee  _Flash_initModule               
0     00008132  _Flash_powerDown                
0     0000814d  _Flash_wakeFromLPM              
0     00008168  _SysCtl_delay                   
0     0000816c  _RamfuncsRunEnd                 
0     00080000  code_start                      
0     00081000  _RamfuncsLoadStart              
0     0008116c  _RamfuncsLoadEnd                
0     0008116c  ___cinit__                      
0     0008116c  cinit                           
0     000821e8  _SysCtl_getClock                
0     00082239  _SysCtl_setClock                
0     000822ef  _SysCtl_selectXTAL              
0     00082313  _SysCtl_selectXTALSingleEnded   
0     0008232d  _SysCtl_selectOscSource         
0     00082388  _SysCtl_getLowSpeedClock        
0     000823a2  _SysCtl_getDeviceParametric     
0     000823fd  _SysCtl_isPLLValid              
0     0008258c  _SCI_setConfig                  
0     000825ca  _SCI_writeCharArray             
0     0008260b  _SCI_readCharArray              
0     00082646  _SCI_enableInterrupt            
0     0008268a  _SCI_disableInterrupt           
0     000826d0  _SCI_getInterruptStatus         
0     0008271f  _SCI_clearInterruptStatus       
0     00082765  _SCI_setBaud                    
0     000827bf  _GPIO_setDirectionMode          
0     000827f0  _GPIO_getDirectionMode          
0     00082810  _GPIO_setInterruptPin           
0     00082844  _GPIO_setPadConfig              
0     00082896  _GPIO_getPadConfig              
0     000828d4  _GPIO_setQualificationMode      
0     0008290c  _GPIO_getQualificationMode      
0     00082939  _GPIO_setQualificationPeriod    
0     00082975  _GPIO_setMasterCore             
0     000829ad  _GPIO_setAnalogMode             
0     000829e8  _GPIO_setPinConfig              
0     00082a70  _Device_init                    
0     00082adf  _Device_enableAllPeripherals    
0     00082bbc  _Device_initGPIO                
0     00082bcc  ___error__                      
0     00082ccd  _main                           
0     00082e34  _Interrupt_initModule           
0     00082e71  _Interrupt_initVectorTable      
0     00082e91  _Interrupt_enable               
0     00082ec5  _Interrupt_disable              
0     00082f54  _SCI_receive_string             
0     00082fa3  _SCI_receive_frame              
0     00082ffb  __system_pre_init               
0     00082ffd  __system_post_cinit             
0     00083000  _SCIATxISR                      
0     00083044  _SCIARxISR                      
0     0008308f  FS$$DIV                         
0     00083117  _c_int00                        
0     0008316d  C$$EXIT                         
0     0008316d  _abort                          
0     0008316f  _exit                           
0     00083196  _copy_in                        
0     000831da  _memcpy                         
0     000831f7  __args_main                     
0     00083209  __register_unlock               
0     0008320d  __register_lock                 
0     00083211  __nop                           
1     00000400  __stack                         
1     00000500  __STACK_END                     
1     0000a800  _sci_tx_count                   
1     0000a801  _sci_rx_count                   
1     0000a802  _sci_rx_lenth                   
1     0000a803  _sci_tx_lenth                   
1     0000a804  _crc_data_cal                   
1     0000a805  _rcv_begin_flag                 
1     0000a806  _rcv_crc_right_cnt              
1     0000a807  _rcv_right_flag                 
1     0000a808  _rcv_crc_err_cnt                
1     0000a809  _rcv_state                      
1     0000a80a  _cmd_received                   
1     0000a80c  _sci_trans                      
1     0000a80e  _sci_recev                      
1     0000a810  _sci_rcv_buffer                 
1     0000a816  _sci_send_buffer                
1     0000a81c  ___TI_enable_exit_profile_output
1     0000a81e  ___TI_cleanup_ptr               
1     0000a820  ___TI_dtors_ptr                 
1     0000a822  _Example_PassCount              
1     0000a824  _Example_Fail                   
1     0000a826  _counter                        
1     0000a828  _msg                            
1     0000a82a  __lock                          
1     0000a82c  __unlock                        
abs   00000100  __STACK_SIZE                    
abs   0000016c  _RamfuncsLoadSize               
abs   0000016c  _RamfuncsRunSize                
abs   ffffffff  .text                           
abs   ffffffff  ___TI_pprof_out_hndl            
abs   ffffffff  ___TI_prof_data_size            
abs   ffffffff  ___TI_prof_data_start           
abs   ffffffff  ___binit__                      
abs   ffffffff  ___c_args__                     
abs   ffffffff  ___etext__                      
abs   ffffffff  ___pinit__                      
abs   ffffffff  ___text__                       
abs   ffffffff  binit                           
abs   ffffffff  etext                           
abs   ffffffff  pinit                           

[105 symbols]
